Archive member included to satisfy reference by file (symbol)

app/libapp.a(main.c.obj)      (--whole-archive)
zephyr/libzephyr.a(validate_libc.c.obj)
                              (--whole-archive)
zephyr/libzephyr.a(heap.c.obj)
                              (--whole-archive)
zephyr/libzephyr.a(boot_banner.c.obj)
                              (--whole-archive)
zephyr/libzephyr.a(cbprintf_packaged.c.obj)
                              (--whole-archive)
zephyr/libzephyr.a(clock.c.obj)
                              (--whole-archive)
zephyr/libzephyr.a(printk.c.obj)
                              (--whole-archive)
zephyr/libzephyr.a(cbprintf_complete.c.obj)
                              (--whole-archive)
zephyr/libzephyr.a(assert.c.obj)
                              (--whole-archive)
zephyr/libzephyr.a(mpsc_pbuf.c.obj)
                              (--whole-archive)
zephyr/libzephyr.a(dec.c.obj)
                              (--whole-archive)
zephyr/libzephyr.a(hex.c.obj)
                              (--whole-archive)
zephyr/libzephyr.a(rb.c.obj)  (--whole-archive)
zephyr/libzephyr.a(set.c.obj)
                              (--whole-archive)
zephyr/libzephyr.a(timeutil.c.obj)
                              (--whole-archive)
zephyr/libzephyr.a(bitarray.c.obj)
                              (--whole-archive)
zephyr/libzephyr.a(bitmask.c.obj)
                              (--whole-archive)
zephyr/libzephyr.a(getopt.c.obj)
                              (--whole-archive)
zephyr/libzephyr.a(getopt_common.c.obj)
                              (--whole-archive)
zephyr/libzephyr.a(ring_buffer.c.obj)
                              (--whole-archive)
zephyr/libzephyr.a(last_section_id.c.obj)
                              (--whole-archive)
zephyr/libzephyr.a(configs.c.obj)
                              (--whole-archive)
zephyr/libzephyr.a(stm32cube_hal.c.obj)
                              (--whole-archive)
zephyr/libzephyr.a(soc_config.c.obj)
                              (--whole-archive)
zephyr/libzephyr.a(gpioport_mgr.c.obj)
                              (--whole-archive)
zephyr/libzephyr.a(stm32_backup_domain.c.obj)
                              (--whole-archive)
zephyr/libzephyr.a(soc.c.obj)
                              (--whole-archive)
zephyr/libzephyr.a(log_core.c.obj)
                              (--whole-archive)
zephyr/libzephyr.a(log_mgmt.c.obj)
                              (--whole-archive)
zephyr/libzephyr.a(log_cache.c.obj)
                              (--whole-archive)
zephyr/libzephyr.a(log_msg.c.obj)
                              (--whole-archive)
zephyr/libzephyr.a(log_output.c.obj)
                              (--whole-archive)
zephyr/libzephyr.a(log_backend_uart.c.obj)
                              (--whole-archive)
zephyr/libzephyr.a(mem_attr.c.obj)
                              (--whole-archive)
zephyr/libzephyr.a(tracing_none.c.obj)
                              (--whole-archive)
zephyr/libzephyr.a(sem.c.obj)
                              (--whole-archive)
zephyr/libzephyr.a(thread_entry.c.obj)
                              (--whole-archive)
zephyr/arch/common/libarch__common.a(sw_isr_common.c.obj)
                              (--whole-archive)
zephyr/arch/common/libarch__common.a(init.c.obj)
                              (--whole-archive)
zephyr/arch/common/libarch__common.a(xip.c.obj)
                              (--whole-archive)
zephyr/arch/arch/arm/core/libarch__arm__core.a(fatal.c.obj)
                              (--whole-archive)
zephyr/arch/arch/arm/core/libarch__arm__core.a(nmi.c.obj)
                              (--whole-archive)
zephyr/arch/arch/arm/core/libarch__arm__core.a(nmi_on_reset.S.obj)
                              (--whole-archive)
zephyr/arch/arch/arm/core/libarch__arm__core.a(tls.c.obj)
                              (--whole-archive)
zephyr/arch/arch/arm/core/cortex_m/libarch__arm__core__cortex_m.a(fault.c.obj)
                              (--whole-archive)
zephyr/arch/arch/arm/core/cortex_m/libarch__arm__core__cortex_m.a(fault_s.S.obj)
                              (--whole-archive)
zephyr/arch/arch/arm/core/cortex_m/libarch__arm__core__cortex_m.a(fpu.c.obj)
                              (--whole-archive)
zephyr/arch/arch/arm/core/cortex_m/libarch__arm__core__cortex_m.a(reset.S.obj)
                              (--whole-archive)
zephyr/arch/arch/arm/core/cortex_m/libarch__arm__core__cortex_m.a(scb.c.obj)
                              (--whole-archive)
zephyr/arch/arch/arm/core/cortex_m/libarch__arm__core__cortex_m.a(vector_table.S.obj)
                              (--whole-archive)
zephyr/arch/arch/arm/core/cortex_m/libarch__arm__core__cortex_m.a(svc.S.obj)
                              (--whole-archive)
zephyr/arch/arch/arm/core/cortex_m/libarch__arm__core__cortex_m.a(irq_manage.c.obj)
                              (--whole-archive)
zephyr/arch/arch/arm/core/cortex_m/libarch__arm__core__cortex_m.a(prep_c.c.obj)
                              (--whole-archive)
[...]
Memory Configuration

Name             Origin             Length             Attributes
FLASH            0x08000000         0x00080000         xr
RAM              0x20000000         0x00020000         xw
SRAM0            0x20000000         0x00020000         rw
IDT_LIST         0xffff7fff         0x00008000         xw
*default*        0x00000000         0xffffffff

Linker script and memory map

                0x0800493c                        vfprintf = __l_vfprintf
                0x00000000                        vfscanf = __l_vfscanf
LOAD zephyr/CMakeFiles/zephyr_pre0.dir/misc/empty_file.c.obj
LOAD zephyr/CMakeFiles/offsets.dir/./arch/arm/core/offsets/offsets.c.obj
LOAD app/libapp.a
LOAD zephyr/libzephyr.a
LOAD zephyr/arch/common/libarch__common.a
LOAD zephyr/arch/arch/arm/core/libarch__arm__core.a
LOAD zephyr/arch/arch/arm/core/cortex_m/libarch__arm__core__cortex_m.a
LOAD zephyr/arch/arch/arm/core/mpu/libarch__arm__core__mpu.a
LOAD zephyr/lib/libc/picolibc/liblib__libc__picolibc.a
LOAD zephyr/lib/libc/common/liblib__libc__common.a
LOAD zephyr/subsys/portability/posix/c_lib_ext/libsubsys__portability__posix__c_lib_ext.a
LOAD zephyr/drivers/interrupt_controller/libdrivers__interrupt_controller.a
LOAD zephyr/drivers/clock_control/libdrivers__clock_control.a
LOAD zephyr/drivers/console/libdrivers__console.a
LOAD zephyr/drivers/gpio/libdrivers__gpio.a
LOAD zephyr/drivers/i2c/libdrivers__i2c.a
LOAD zephyr/drivers/pinctrl/libdrivers__pinctrl.a
LOAD zephyr/drivers/reset/libdrivers__reset.a
LOAD zephyr/drivers/serial/libdrivers__serial.a
LOAD zephyr/drivers/timer/libdrivers__timer.a
LOAD modules/hal_stm32/stm32cube/lib..__modules__hal__stm32__stm32cube.a
LOAD zephyr/kernel/libkernel.a
LOAD zephyr/arch/common/libisr_tables.a
LOAD /home/ihn/zephyr-sdk-1.0.1/gnu/arm-zephyr-eabi/bin/../lib/gcc/arm-zephyr-eabi/14.3.0/../../../../arm-zephyr-eabi/lib/thumb/v7e-m/nofp/space/libc.a
LOAD /home/ihn/zephyr-sdk-1.0.1/gnu/arm-zephyr-eabi/bin/../lib/gcc/arm-zephyr-eabi/14.3.0/thumb/v7e-m/nofp/space/libgcc.a
                0x00000020                        _region_min_align = 0x20

.rel.plt        0x08000000        0x0
 *(SORT_BY_ALIGNMENT(.rel.plt))
                [!provide]                        PROVIDE (__rel_iplt_start = .)
 *(SORT_BY_ALIGNMENT(.rel.iplt))
 .rel.iplt      0x08000000        0x0 app/libapp.a(main.c.obj)
                [!provide]                        PROVIDE (__rel_iplt_end = .)

.rela.plt       0x00000000        0x0
 *(SORT_BY_ALIGNMENT(.rela.plt))
                [!provide]                        PROVIDE (__rela_iplt_start = .)
 *(SORT_BY_ALIGNMENT(.rela.iplt))
                [!provide]                        PROVIDE (__rela_iplt_end = .)

.rel.dyn
 *(SORT_BY_ALIGNMENT(.rel.*))

.rela.dyn
 *(SORT_BY_ALIGNMENT(.rela.*))

/DISCARD/
 *(SORT_BY_ALIGNMENT(.plt))

/DISCARD/
 *(SORT_BY_ALIGNMENT(.iplt))
                0x08000000                        __rom_region_start = 0x8000000

rom_start       0x08000000      0x1b0
                0x08000000                        __rom_start_address = .
 FILL mask 0x00
                0x08000000                        . = (. + (0x0 - (. - __rom_start_address)))
                0x08000000                        . = ALIGN (0x4)
                0x08000000                        . = ALIGN (0x80)
                0x08000000                        . = ALIGN (0x200)
                0x08000000                        _vector_start = .
 *(SORT_BY_ALIGNMENT(.exc_vector_table))
 *(SORT_BY_ALIGNMENT(.exc_vector_table.*))
 .exc_vector_table._vector_table_section
                0x08000000       0x40 zephyr/arch/arch/arm/core/cortex_m/libarch__arm__core__cortex_m.a(vector_table.S.obj)
                0x08000000                _vector_table
 *(SORT_BY_ALIGNMENT(.vectors))
                0x080001b0                        _vector_end = .
                0x08000040                        . = ALIGN (0x4)
 *(SORT_BY_ALIGNMENT(.gnu.linkonce.irq_vector_table*))
 .gnu.linkonce.irq_vector_table
                0x08000040      0x170 zephyr/arch/common/libisr_tables.a(isr_tables.c.obj)
                0x08000040                _irq_vector_table
                0x080001b0                        _vector_end = .

text            0x080001b0     0x6668
                0x080001b0                        __text_region_start = .
 *(SORT_BY_ALIGNMENT(.text))
 .text          0x080001b0       0x30 /home/ihn/zephyr-sdk-1.0.1/gnu/arm-zephyr-eabi/bin/../lib/gcc/arm-zephyr-eabi/14.3.0/thumb/v7e-m/nofp/space/libgcc.a(_aeabi_uldivmod.o)
                0x080001b0                __aeabi_uldivmod
 .text          0x080001e0        0x4 /home/ihn/zephyr-sdk-1.0.1/gnu/arm-zephyr-eabi/bin/../lib/gcc/arm-zephyr-eabi/14.3.0/thumb/v7e-m/nofp/space/libgcc.a(_dvmd_tls.o)
                0x080001e0                __aeabi_ldiv0
                0x080001e0                __aeabi_idiv0
 .text          0x080001e4       0x10 /home/ihn/zephyr-sdk-1.0.1/gnu/arm-zephyr-eabi/bin/../lib/gcc/arm-zephyr-eabi/14.3.0/../../../../arm-zephyr-eabi/lib/thumb/v7e-m/nofp/space/libc.a(strlen.S.o)
                0x080001e4                strlen
 .text          0x080001f4      0x2bc /home/ihn/zephyr-sdk-1.0.1/gnu/arm-zephyr-eabi/bin/../lib/gcc/arm-zephyr-eabi/14.3.0/thumb/v7e-m/nofp/space/libgcc.a(_udivmoddi4.o)
                0x080001f4                __udivmoddi4
 *(SORT_BY_ALIGNMENT(.text.*))
 .text.target_error
                0x080004b0        0xc app/libapp.a(main.c.obj)
 .text.target_stop
                0x080004bc       0x10 app/libapp.a(main.c.obj)
 .text.target_read_processed
                0x080004cc       0x30 app/libapp.a(main.c.obj)
 .text.target_read_requested
                0x080004fc       0x30 app/libapp.a(main.c.obj)
 .text.target_write_requested
                0x0800052c       0x1c app/libapp.a(main.c.obj)
 .text.led2_set
                0x08000548       0x54 app/libapp.a(main.c.obj)
 .text.target_write_received
                0x0800059c       0x6c app/libapp.a(main.c.obj)
 .text.main     0x08000608       0xe0 app/libapp.a(main.c.obj)
                0x08000608                main
 .text.boot_banner
                0x080006e8       0x10 zephyr/libzephyr.a(boot_banner.c.obj)
 .text.cbvprintf_package
                0x080006f8      0x368 zephyr/libzephyr.a(cbprintf_packaged.c.obj)
                0x080006f8                cbvprintf_package
 .text.cbprintf_package_convert
                0x08000a60      0x3c8 zephyr/libzephyr.a(cbprintf_packaged.c.obj)
                0x08000a60                cbprintf_package_convert
 .text.__printk_hook_install
                0x08000e28        0xc zephyr/libzephyr.a(printk.c.obj)
                0x08000e28                __printk_hook_install
 .text.st_stm32_common_config
                0x08000e34       0x14 zephyr/libzephyr.a(soc_config.c.obj)
 .text.stm32_gpioport_init
                0x08000e48       0x20 zephyr/libzephyr.a(gpioport_mgr.c.obj)
 .text.stm32_gpioport_get
                0x08000e68       0x24 zephyr/libzephyr.a(gpioport_mgr.c.obj)
                0x08000e68                stm32_gpioport_get
 .text.soc_early_init_hook
                0x08000e8c       0x68 zephyr/libzephyr.a(soc.c.obj)
                0x08000e8c                soc_early_init_hook
 .text.activate_foreach_backend
                0x08000ef4       0x60 zephyr/libzephyr.a(log_core.c.obj)
 .text.enable_logger
                0x08000f54       0x58 zephyr/libzephyr.a(log_core.c.obj)
 .text.log_process_thread_timer_expiry_fn
                0x08000fac        0xc zephyr/libzephyr.a(log_core.c.obj)
 .text.z_log_init
                0x08000fb8       0x94 zephyr/libzephyr.a(log_core.c.obj)
 .text.log_format_func_t_get
                0x0800104c        0xc zephyr/libzephyr.a(log_core.c.obj)
                0x0800104c                log_format_func_t_get
 .text.log_set_timestamp_func
                0x08001058       0x20 zephyr/libzephyr.a(log_core.c.obj)
                0x08001058                log_set_timestamp_func
 .text.z_log_notify_backend_enabled
                0x08001078       0x1c zephyr/libzephyr.a(log_core.c.obj)
                0x08001078                z_log_notify_backend_enabled
 .text.z_log_dropped
                0x08001094       0x44 zephyr/libzephyr.a(log_core.c.obj)
                0x08001094                z_log_dropped
 .text.z_log_dropped_read_and_clear
                0x080010d8       0x20 zephyr/libzephyr.a(log_core.c.obj)
                0x080010d8                z_log_dropped_read_and_clear
 .text.dropped_notify
                0x080010f8       0x30 zephyr/libzephyr.a(log_core.c.obj)
                0x080010f8                dropped_notify
 .text.z_log_msg_init
                0x08001128       0x20 zephyr/libzephyr.a(log_core.c.obj)
                0x08001128                z_log_msg_init
 .text.log_core_init
                0x08001148       0x50 zephyr/libzephyr.a(log_core.c.obj)
                0x08001148                log_core_init
 .text.z_log_msg_alloc
                0x08001198       0x10 zephyr/libzephyr.a(log_core.c.obj)
                0x08001198                z_log_msg_alloc
 .text.z_log_msg_local_claim
                0x080011a8        0xc zephyr/libzephyr.a(log_core.c.obj)
                0x080011a8                z_log_msg_local_claim
 .text.z_log_msg_free
                0x080011b4       0x10 zephyr/libzephyr.a(log_core.c.obj)
                0x080011b4                z_log_msg_free
 .text.z_log_msg_pending
                0x080011c4        0xc zephyr/libzephyr.a(log_core.c.obj)
                0x080011c4                z_log_msg_pending
 .text.z_impl_log_process
                0x080011d0       0xb8 zephyr/libzephyr.a(log_core.c.obj)
                0x080011d0                z_impl_log_process
 .text.z_impl_log_panic
                0x08001288       0x44 zephyr/libzephyr.a(log_core.c.obj)
                0x08001288                z_impl_log_panic
 .text.log_process_thread_func
                0x080012cc       0xa0 zephyr/libzephyr.a(log_core.c.obj)
 .text.z_log_msg_post_finalize
                0x0800136c       0x78 zephyr/libzephyr.a(log_core.c.obj)
 .text.z_log_msg_commit
                0x080013e4       0x24 zephyr/libzephyr.a(log_core.c.obj)
                0x080013e4                z_log_msg_commit
 .text.log_source_name_get
                0x08001408       0x1c zephyr/libzephyr.a(log_mgmt.c.obj)
                0x08001408                log_source_name_get
 .text.z_impl_z_log_msg_static_create
                0x08001424      0x100 zephyr/libzephyr.a(log_msg.c.obj)
                0x08001424                z_impl_z_log_msg_static_create
 .text.z_log_msg_runtime_vcreate
                0x08001524       0xa4 zephyr/libzephyr.a(log_msg.c.obj)
                0x08001524                z_log_msg_runtime_vcreate
 .text.log_msg_get_source_id
                0x080015c8       0x18 zephyr/libzephyr.a(log_msg.c.obj)
                0x080015c8                log_msg_get_source_id
 .text.print_formatted
                0x080015e0       0x24 zephyr/libzephyr.a(log_output.c.obj)
 .text.newline_print
                0x08001604       0x1c zephyr/libzephyr.a(log_output.c.obj)
 .text.log_output_process
                0x08001620      0x290 zephyr/libzephyr.a(log_output.c.obj)
                0x08001620                log_output_process
 .text.log_output_dropped_process
                0x080018b0       0x58 zephyr/libzephyr.a(log_output.c.obj)
                0x080018b0                log_output_dropped_process
 .text.log_output_timestamp_freq_set
                0x08001908       0x2c zephyr/libzephyr.a(log_output.c.obj)
                0x08001908                log_output_timestamp_freq_set
 .text.char_out
                0x08001934       0x24 zephyr/libzephyr.a(log_backend_uart.c.obj)
 .text.mem_attr_get_regions
                0x08001958        0xc zephyr/libzephyr.a(mem_attr.c.obj)
                0x08001958                mem_attr_get_regions
 .text.z_thread_entry
                0x08001964       0x34 zephyr/libzephyr.a(thread_entry.c.obj)
                0x08001964                z_thread_entry
 .text.arch_bss_zero
                0x08001998       0x18 zephyr/arch/common/libarch__common.a(init.c.obj)
                0x08001998                arch_bss_zero
 .text.arch_data_copy
                0x080019b0       0x38 zephyr/arch/common/libarch__common.a(xip.c.obj)
                0x080019b0                arch_data_copy
 .text.z_arm_fatal_error
                0x080019e8       0xb8 zephyr/arch/arch/arm/core/libarch__arm__core.a(fatal.c.obj)
                0x080019e8                z_arm_fatal_error
 .text.z_SysNmiOnReset
                0x08001aa0        0x8 zephyr/arch/arch/arm/core/libarch__arm__core.a(nmi_on_reset.S.obj)
                0x08001aa0                z_SysNmiOnReset
 .text.arch_tls_stack_setup
                0x08001aa8       0x40 zephyr/arch/arch/arm/core/libarch__arm__core.a(tls.c.obj)
                0x08001aa8                arch_tls_stack_setup
 .text.usage_fault.isra.0
                0x08001ae8       0xa8 zephyr/arch/arch/arm/core/cortex_m/libarch__arm__core__cortex_m.a(fault.c.obj)
 .text.bus_fault.isra.0
                0x08001b90       0xd0 zephyr/arch/arch/arm/core/cortex_m/libarch__arm__core__cortex_m.a(fault.c.obj)
 .text.mem_manage_fault
                0x08001c60      0x104 zephyr/arch/arch/arm/core/cortex_m/libarch__arm__core__cortex_m.a(fault.c.obj)
 .text.z_arm_fault
                0x08001d64      0x1dc zephyr/arch/arch/arm/core/cortex_m/libarch__arm__core__cortex_m.a(fault.c.obj)
                0x08001d64                z_arm_fault
 .text.z_arm_fault_init
                0x08001f40       0x18 zephyr/arch/arch/arm/core/cortex_m/libarch__arm__core__cortex_m.a(fault.c.obj)
                0x08001f40                z_arm_fault_init
 .text.__fault  0x08001f58       0x14 zephyr/arch/arch/arm/core/cortex_m/libarch__arm__core__cortex_m.a(fault_s.S.obj)
                0x08001f58                z_arm_bus_fault
                0x08001f58                z_arm_usage_fault
                0x08001f58                z_arm_mpu_fault
                0x08001f58                z_arm_exc_spurious
                0x08001f58                z_arm_debug_monitor
                0x08001f58                z_arm_hard_fault
 .text._reset_section
                0x08001f6c       0x34 zephyr/arch/arch/arm/core/cortex_m/libarch__arm__core__cortex_m.a(reset.S.obj)
                0x08001f6c                z_arm_reset
                0x08001f6c                __start
 .text.z_arm_svc
                0x08001fa0       0x24 zephyr/arch/arch/arm/core/cortex_m/libarch__arm__core__cortex_m.a(svc.S.obj)
                0x08001fa0                z_arm_svc
 .text.arm_irq_enable
                0x08001fc4       0x1c zephyr/arch/arch/arm/core/cortex_m/libarch__arm__core__cortex_m.a(irq_manage.c.obj)
                0x08001fc4                arm_irq_enable
 .text.arm_irq_priority_set
                0x08001fe0       0x30 zephyr/arch/arch/arm/core/cortex_m/libarch__arm__core__cortex_m.a(irq_manage.c.obj)
                0x08001fe0                arm_irq_priority_set
 .text.relocate_vector_table
                0x08002010       0x1c zephyr/arch/arch/arm/core/cortex_m/libarch__arm__core__cortex_m.a(prep_c.c.obj)
                0x08002010                relocate_vector_table
 .text.z_prep_c
                0x0800202c       0x38 zephyr/arch/arch/arm/core/cortex_m/libarch__arm__core__cortex_m.a(prep_c.c.obj)
                0x0800202c                z_prep_c
 .text.arch_new_thread
                0x08002064       0x38 zephyr/arch/arch/arm/core/cortex_m/libarch__arm__core__cortex_m.a(thread.c.obj)
                0x08002064                arch_new_thread
 .text.z_check_thread_stack_fail
                0x0800209c       0x2c zephyr/arch/arch/arm/core/cortex_m/libarch__arm__core__cortex_m.a(thread.c.obj)
                0x0800209c                z_check_thread_stack_fail
 .text.arch_switch_to_main_thread
                0x080020c8       0x3c zephyr/arch/arch/arm/core/cortex_m/libarch__arm__core__cortex_m.a(thread.c.obj)
                0x080020c8                arch_switch_to_main_thread
 .text.z_arm_cpu_idle_init
                0x08002104        0xc zephyr/arch/arch/arm/core/cortex_m/libarch__arm__core__cortex_m.a(cpu_idle.c.obj)
                0x08002104                z_arm_cpu_idle_init
 .text._HandlerModeExit
                0x08002110       0x20 zephyr/arch/arch/arm/core/cortex_m/libarch__arm__core__cortex_m.a(exc_exit.c.obj)
                0x08002110                z_arm_exc_exit
                0x08002110                z_arm_int_exit
 .text.z_impl_k_thread_abort
                0x08002130       0x2c zephyr/arch/arch/arm/core/cortex_m/libarch__arm__core__cortex_m.a(thread_abort.c.obj)
                0x08002130                z_impl_k_thread_abort
 .text.z_arm_pendsv
                0x0800215c       0x60 zephyr/arch/arch/arm/core/cortex_m/libarch__arm__core__cortex_m.a(swap_helper.S.obj)
                0x0800215c                z_arm_pendsv
 .text.z_arm_interrupt_init
                0x080021bc       0x18 zephyr/arch/arch/arm/core/cortex_m/libarch__arm__core__cortex_m.a(irq_init.c.obj)
                0x080021bc                z_arm_interrupt_init
 .text._isr_wrapper
                0x080021d4       0x24 zephyr/arch/arch/arm/core/cortex_m/libarch__arm__core__cortex_m.a(isr_wrapper.c.obj)
                0x080021d4                _isr_wrapper
 .text.__aeabi_read_tp
                0x080021f8        0xc zephyr/arch/arch/arm/core/cortex_m/libarch__arm__core__cortex_m.a(__aeabi_read_tp.S.obj)
                0x080021f8                __aeabi_read_tp
 .text.z_arm_configure_static_mpu_regions
                0x08002204       0x18 zephyr/arch/arch/arm/core/mpu/libarch__arm__core__mpu.a(arm_core_mpu.c.obj)
                0x08002204                z_arm_configure_static_mpu_regions
 .text.z_arm_configure_dynamic_mpu_regions
                0x0800221c       0x20 zephyr/arch/arch/arm/core/mpu/libarch__arm__core__mpu.a(arm_core_mpu.c.obj)
                0x0800221c                z_arm_configure_dynamic_mpu_regions
 .text.region_allocate_and_init
                0x0800223c       0x54 zephyr/arch/arch/arm/core/mpu/libarch__arm__core__mpu.a(arm_mpu.c.obj)
 .text.mpu_configure_regions
                0x08002290       0x68 zephyr/arch/arch/arm/core/mpu/libarch__arm__core__mpu.a(arm_mpu.c.obj)
 .text.arm_core_mpu_enable
                0x080022f8       0x18 zephyr/arch/arch/arm/core/mpu/libarch__arm__core__mpu.a(arm_mpu.c.obj)
                0x080022f8                arm_core_mpu_enable
 .text.arm_core_mpu_disable
                0x08002310       0x14 zephyr/arch/arch/arm/core/mpu/libarch__arm__core__mpu.a(arm_mpu.c.obj)
                0x08002310                arm_core_mpu_disable
 .text.arm_core_mpu_configure_static_mpu_regions
                0x08002324       0x14 zephyr/arch/arch/arm/core/mpu/libarch__arm__core__mpu.a(arm_mpu.c.obj)
                0x08002324                arm_core_mpu_configure_static_mpu_regions
 .text.arm_core_mpu_configure_dynamic_mpu_regions
                0x08002338       0x38 zephyr/arch/arch/arm/core/mpu/libarch__arm__core__mpu.a(arm_mpu.c.obj)
                0x08002338                arm_core_mpu_configure_dynamic_mpu_regions
 .text.z_arm_mpu_init
                0x08002370      0x194 zephyr/arch/arch/arm/core/mpu/libarch__arm__core__mpu.a(arm_mpu.c.obj)
                0x08002370                z_arm_mpu_init
 .text.cbvprintf
                0x08002504       0x38 zephyr/lib/libc/picolibc/liblib__libc__picolibc.a(cbprintf.c.obj)
                0x08002504                cbvprintf
 .text.z_impl_zephyr_fputc
                0x0800253c       0x10 zephyr/lib/libc/picolibc/liblib__libc__picolibc.a(stdio.c.obj)
                0x0800253c                z_impl_zephyr_fputc
 .text.__stdout_hook_install
                0x0800254c       0x18 zephyr/lib/libc/picolibc/liblib__libc__picolibc.a(stdio.c.obj)
                0x0800254c                __stdout_hook_install
 .text.malloc_prepare
                0x08002564       0x24 zephyr/lib/libc/common/liblib__libc__common.a(malloc.c.obj)
 .text.stm32_exti_init
                0x08002588       0x2c zephyr/drivers/interrupt_controller/libdrivers__interrupt_controller.a(intc_exti_stm32.c.obj)
 .text.stm32_exti_is_pending
                0x080025b4       0x40 zephyr/drivers/interrupt_controller/libdrivers__interrupt_controller.a(intc_exti_stm32.c.obj)
                0x080025b4                stm32_exti_is_pending
 .text.stm32_exti_clear_pending
                0x080025f4       0x3c zephyr/drivers/interrupt_controller/libdrivers__interrupt_controller.a(intc_exti_stm32.c.obj)
                0x080025f4                stm32_exti_clear_pending
 .text.stm32_fill_irq_table
                0x08002630       0x18 zephyr/drivers/interrupt_controller/libdrivers__interrupt_controller.a(intc_gpio_stm32.c.obj)
 .text.stm32_intc_gpio_isr
                0x08002648       0x4c zephyr/drivers/interrupt_controller/libdrivers__interrupt_controller.a(intc_gpio_stm32.c.obj)
 .text.stm32_gpio_intc_enable_line
                0x08002694       0x2c zephyr/drivers/interrupt_controller/libdrivers__interrupt_controller.a(intc_gpio_stm32.c.obj)
                0x08002694                stm32_gpio_intc_enable_line
 .text.stm32_gpio_intc_disable_line
                0x080026c0       0x10 zephyr/drivers/interrupt_controller/libdrivers__interrupt_controller.a(intc_gpio_stm32.c.obj)
                0x080026c0                stm32_gpio_intc_disable_line
 .text.stm32_gpio_intc_select_line_trigger
                0x080026d0       0x50 zephyr/drivers/interrupt_controller/libdrivers__interrupt_controller.a(intc_gpio_stm32.c.obj)
                0x080026d0                stm32_gpio_intc_select_line_trigger
 .text.stm32_gpio_intc_set_irq_callback
                0x08002720       0x40 zephyr/drivers/interrupt_controller/libdrivers__interrupt_controller.a(intc_gpio_stm32.c.obj)
                0x08002720                stm32_gpio_intc_set_irq_callback
 .text.stm32_gpio_intc_remove_irq_callback
                0x08002760       0x24 zephyr/drivers/interrupt_controller/libdrivers__interrupt_controller.a(intc_gpio_stm32.c.obj)
                0x08002760                stm32_gpio_intc_remove_irq_callback
 .text.stm32_exti_get_line_src_port
                0x08002784       0x38 zephyr/drivers/interrupt_controller/libdrivers__interrupt_controller.a(intc_gpio_stm32.c.obj)
                0x08002784                stm32_exti_get_line_src_port
 .text.stm32_clock_control_get_subsys_rate
                0x080027bc       0xb0 zephyr/drivers/clock_control/libdrivers__clock_control.a(clock_stm32_ll_common.c.obj)
 .text.stm32_clock_control_init
                0x0800286c      0x150 zephyr/drivers/clock_control/libdrivers__clock_control.a(clock_stm32_ll_common.c.obj)
                0x0800286c                stm32_clock_control_init
 .text.get_pllsrc_frequency
                0x080029bc        0x8 zephyr/drivers/clock_control/libdrivers__clock_control.a(clock_stm32g4.c.obj)
                0x080029bc                get_pllsrc_frequency
 .text.config_pll_sysclock
                0x080029c4       0x34 zephyr/drivers/clock_control/libdrivers__clock_control.a(clock_stm32g4.c.obj)
                0x080029c4                config_pll_sysclock
 .text.config_enable_default_clocks
                0x080029f8       0x20 zephyr/drivers/clock_control/libdrivers__clock_control.a(clock_stm32g4.c.obj)
                0x080029f8                config_enable_default_clocks
 .text.uart_console_init
                0x08002a18       0x28 zephyr/drivers/console/libdrivers__console.a(uart_console.c.obj)
 .text.console_out
                0x08002a40       0x28 zephyr/drivers/console/libdrivers__console.a(uart_console.c.obj)
 .text.gpio_stm32_pin_interrupt_configure
                0x08002a68       0xac zephyr/drivers/gpio/libdrivers__gpio.a(gpio_stm32.c.obj)
 .text.i2c_stm32_set_smbus_mode.part.0.isra.0
                0x08002b14       0x3c zephyr/drivers/i2c/libdrivers__i2c.a(i2c_stm32.c.obj)
 .text.i2c_stm32_get_config.part.0
                0x08002b50       0x1c zephyr/drivers/i2c/libdrivers__i2c.a(i2c_stm32.c.obj)
 .text.i2c_stm32_runtime_configure
                0x08002b6c       0x88 zephyr/drivers/i2c/libdrivers__i2c.a(i2c_stm32.c.obj)
                0x08002b6c                i2c_stm32_runtime_configure
 .text.i2c_stm32_init
                0x08002bf4       0xb4 zephyr/drivers/i2c/libdrivers__i2c.a(i2c_stm32.c.obj)
 .text.i2c_stm32_activate
                0x08002ca8       0x68 zephyr/drivers/i2c/libdrivers__i2c.a(i2c_stm32_common.c.obj)
                0x08002ca8                i2c_stm32_activate
 .text.i2c_map_dt_bitrate
                0x08002d10       0x50 zephyr/drivers/i2c/libdrivers__i2c.a(i2c_stm32_v2.c.obj)
 .text.i2c_stm32_target_addr_setup.isra.0
                0x08002d60       0x84 zephyr/drivers/i2c/libdrivers__i2c.a(i2c_stm32_v2.c.obj)
 .text.i2c_stm32_target_register
                0x08002de4       0xc0 zephyr/drivers/i2c/libdrivers__i2c.a(i2c_stm32_v2.c.obj)
                0x08002de4                i2c_stm32_target_register
 .text.i2c_stm32_event
                0x08002ea4      0x1c0 zephyr/drivers/i2c/libdrivers__i2c.a(i2c_stm32_v2.c.obj)
                0x08002ea4                i2c_stm32_event
 .text.i2c_stm32_configure_timing
                0x08003064       0xf0 zephyr/drivers/i2c/libdrivers__i2c.a(i2c_stm32_v2.c.obj)
                0x08003064                i2c_stm32_configure_timing
 .text.uart_stm32_cfg2ll_stopbits
                0x08003154       0x38 zephyr/drivers/serial/libdrivers__serial.a(uart_stm32.c.obj)
 .text.lpuartdiv_calc
                0x0800318c       0x30 zephyr/drivers/serial/libdrivers__serial.a(uart_stm32.c.obj)
                0x0800318c                lpuartdiv_calc
 .text.uart_stm32_set_baudrate
                0x080031bc      0x118 zephyr/drivers/serial/libdrivers__serial.a(uart_stm32.c.obj)
 .text.uart_stm32_configure
                0x080032d4      0x10c zephyr/drivers/serial/libdrivers__serial.a(uart_stm32.c.obj)
 .text.uart_stm32_init
                0x080033e0      0x1b8 zephyr/drivers/serial/libdrivers__serial.a(uart_stm32.c.obj)
 .text.elapsed  0x08003598       0x44 zephyr/drivers/timer/libdrivers__timer.a(cortex_m_systick.c.obj)
 .text.sys_clock_driver_init
                0x080035dc       0x34 zephyr/drivers/timer/libdrivers__timer.a(cortex_m_systick.c.obj)
 .text.sys_clock_isr
                0x08003610       0x6c zephyr/drivers/timer/libdrivers__timer.a(cortex_m_systick.c.obj)
                0x08003610                sys_clock_isr
 .text.sys_clock_set_timeout
                0x0800367c       0xf4 zephyr/drivers/timer/libdrivers__timer.a(cortex_m_systick.c.obj)
                0x0800367c                sys_clock_set_timeout
 .text.sys_clock_elapsed
                0x08003770       0x3c zephyr/drivers/timer/libdrivers__timer.a(cortex_m_systick.c.obj)
                0x08003770                sys_clock_elapsed
 .text.HAL_RCC_GetSysClockFreq
                0x080037ac       0x6c modules/hal_stm32/stm32cube/lib..__modules__hal__stm32__stm32cube.a(stm32g4xx_hal_rcc.c.obj)
                0x080037ac                HAL_RCC_GetSysClockFreq
 .text.LL_SetFlashLatency
                0x08003818       0xd4 modules/hal_stm32/stm32cube/lib..__modules__hal__stm32__stm32cube.a(stm32g4xx_ll_utils.c.obj)
                0x08003818                LL_SetFlashLatency
 .text.k_sys_fatal_error_handler
                0x080038ec       0x20 zephyr/kernel/libkernel.a(fatal.c.obj)
                0x080038ec                k_sys_fatal_error_handler
 .text.z_fatal_error
                0x0800390c       0xec zephyr/kernel/libkernel.a(fatal.c.obj)
                0x0800390c                z_fatal_error
 .text.z_sys_init_run_level
                0x080039f8       0x30 zephyr/kernel/libkernel.a(init.c.obj)
 .text.bg_thread_main
                0x08003a28       0xbc zephyr/kernel/libkernel.a(init.c.obj)
 .text.z_init_cpu
                0x08003ae4       0x70 zephyr/kernel/libkernel.a(init.c.obj)
                0x08003ae4                z_init_cpu
 .text.z_cstart
                0x08003b54       0xd0 zephyr/kernel/libkernel.a(init.c.obj)
                0x08003b54                z_cstart
 .text.z_impl_k_sem_give
                0x08003c24       0x68 zephyr/kernel/libkernel.a(sem.c.obj)
                0x08003c24                z_impl_k_sem_give
 .text.z_impl_k_sem_take
                0x08003c8c       0x4c zephyr/kernel/libkernel.a(sem.c.obj)
                0x08003c8c                z_impl_k_sem_take
 .text.z_impl_k_sem_reset
                0x08003cd8       0x6c zephyr/kernel/libkernel.a(sem.c.obj)
                0x08003cd8                z_impl_k_sem_reset
 .text.z_setup_new_thread
                0x08003d44       0x98 zephyr/kernel/libkernel.a(thread.c.obj)
                0x08003d44                z_setup_new_thread
 .text.z_dummy_thread_init
                0x08003ddc       0x18 zephyr/kernel/libkernel.a(thread.c.obj)
                0x08003ddc                z_dummy_thread_init
 .text.z_impl_k_wakeup
                0x08003df4       0x48 zephyr/kernel/libkernel.a(thread.c.obj)
                0x08003df4                z_impl_k_wakeup
 .text.z_impl_k_thread_create
                0x08003e3c       0x58 zephyr/kernel/libkernel.a(thread.c.obj)
                0x08003e3c                z_impl_k_thread_create
 .text.z_swap_irqlock
                0x08003e94       0x30 zephyr/kernel/libkernel.a(sched.c.obj)
 .text.unready_thread
                0x08003ec4       0x54 zephyr/kernel/libkernel.a(sched.c.obj)
 .text.ready_thread
                0x08003f18       0x80 zephyr/kernel/libkernel.a(sched.c.obj)
 .text.reschedule.isra.0
                0x08003f98       0x28 zephyr/kernel/libkernel.a(sched.c.obj)
 .text.move_current_to_end_of_prio_q
                0x08003fc0       0x6c zephyr/kernel/libkernel.a(sched.c.obj)
                0x08003fc0                move_current_to_end_of_prio_q
 .text.z_thread_halt
                0x0800402c      0x12c zephyr/kernel/libkernel.a(sched.c.obj)
                0x0800402c                z_thread_halt
 .text.z_sched_lock_reschedule
                0x08004158       0x44 zephyr/kernel/libkernel.a(sched.c.obj)
                0x08004158                z_sched_lock_reschedule
 .text.z_sched_yield
                0x0800419c       0x84 zephyr/kernel/libkernel.a(sched.c.obj)
                0x0800419c                z_sched_yield
 .text.z_pend_curr
                0x08004220       0x58 zephyr/kernel/libkernel.a(sched.c.obj)
                0x08004220                z_pend_curr
 .text.z_tick_sleep
                0x08004278       0x90 zephyr/kernel/libkernel.a(sleep.c.obj)
 .text.z_sched_init
                0x08004308       0x10 zephyr/kernel/libkernel.a(scheduler.c.obj)
                0x08004308                z_sched_init
 .text.k_sched_lock
                0x08004318       0x28 zephyr/kernel/libkernel.a(scheduler.c.obj)
                0x08004318                k_sched_lock
 .text.k_sched_unlock
                0x08004340       0x20 zephyr/kernel/libkernel.a(scheduler.c.obj)
                0x08004340                k_sched_unlock
 .text.z_impl_k_sched_current_thread_query
                0x08004360        0xc zephyr/kernel/libkernel.a(scheduler.c.obj)
                0x08004360                z_impl_k_sched_current_thread_query
 .text.z_time_slice_size
                0x0800436c       0x40 zephyr/kernel/libkernel.a(timeslicing.c.obj)
 .text.slice_timeout
                0x080043ac       0x20 zephyr/kernel/libkernel.a(timeslicing.c.obj)
 .text.z_time_slice_reset
                0x080043cc       0x44 zephyr/kernel/libkernel.a(timeslicing.c.obj)
                0x080043cc                z_time_slice_reset
 .text.z_time_slice
                0x08004410       0x5c zephyr/kernel/libkernel.a(timeslicing.c.obj)
                0x08004410                z_time_slice
 .text.first    0x0800446c       0x10 zephyr/kernel/libkernel.a(timeout.c.obj)
 .text.elapsed  0x0800447c       0x14 zephyr/kernel/libkernel.a(timeout.c.obj)
 .text.z_add_timeout
                0x08004490      0x130 zephyr/kernel/libkernel.a(timeout.c.obj)
                0x08004490                z_add_timeout
 .text.z_abort_timeout
                0x080045c0       0x90 zephyr/kernel/libkernel.a(timeout.c.obj)
                0x080045c0                z_abort_timeout
 .text.sys_clock_announce_locked
                0x08004650       0xcc zephyr/kernel/libkernel.a(timeout.c.obj)
                0x08004650                sys_clock_announce_locked
 .text.sys_clock_tick_get
                0x0800471c       0x30 zephyr/kernel/libkernel.a(timeout.c.obj)
                0x0800471c                sys_clock_tick_get
 .text.z_timer_expiration_handler
                0x0800474c       0xec zephyr/kernel/libkernel.a(timer.c.obj)
                0x0800474c                z_timer_expiration_handler
 .text.z_impl_k_timer_start
                0x08004838       0x50 zephyr/kernel/libkernel.a(timer.c.obj)
                0x08004838                z_impl_k_timer_start
 .text.z_impl_k_timer_stop
                0x08004888       0x60 zephyr/kernel/libkernel.a(timer.c.obj)
                0x08004888                z_impl_k_timer_stop
 .text.snprintf
                0x080048e8       0x54 /home/ihn/zephyr-sdk-1.0.1/gnu/arm-zephyr-eabi/bin/../lib/gcc/arm-zephyr-eabi/14.3.0/../../../../arm-zephyr-eabi/lib/thumb/v7e-m/nofp/space/libc.a(libc_tinystdio_snprintf.c.o)
                0x080048e8                snprintf
 .text.__l_vfprintf
                0x0800493c      0x488 /home/ihn/zephyr-sdk-1.0.1/gnu/arm-zephyr-eabi/bin/../lib/gcc/arm-zephyr-eabi/14.3.0/../../../../arm-zephyr-eabi/lib/thumb/v7e-m/nofp/space/libc.a(libc_tinystdio_vflprintf.c.o)
                0x0800493c                __l_vfprintf
 .text._OffsetAbsSyms
                0x08004dc4        0x2 zephyr/CMakeFiles/offsets.dir/./arch/arm/core/offsets/offsets.c.obj
                0x08004dc4                _OffsetAbsSyms
 .text.chunk_size
                0x08004dc6        0xa zephyr/libzephyr.a(heap.c.obj)
 .text.free_list_add
                0x08004dd0       0x4e zephyr/libzephyr.a(heap.c.obj)
 .text.sys_heap_init
                0x08004e1e       0x82 zephyr/libzephyr.a(heap.c.obj)
                0x08004e1e                sys_heap_init
 .text.cbpprintf_external
                0x08004ea0       0x62 zephyr/libzephyr.a(cbprintf_packaged.c.obj)
                0x08004ea0                cbpprintf_external
 .text.is_ptr   0x08004f02       0x3a zephyr/libzephyr.a(cbprintf_packaged.c.obj)
                0x08004f02                is_ptr
 .text.arch_printk_char_out
                0x08004f3c        0x4 zephyr/libzephyr.a(printk.c.obj)
                0x08004f3c                arch_printk_char_out
 .text.printk   0x08004f40       0x1a zephyr/libzephyr.a(printk.c.obj)
                0x08004f40                printk
 .text.free_space
                0x08004f5a       0x26 zephyr/libzephyr.a(mpsc_pbuf.c.obj)
 .text.get_usage
                0x08004f80       0x22 zephyr/libzephyr.a(mpsc_pbuf.c.obj)
 .text.idx_inc  0x08004fa2       0x1c zephyr/libzephyr.a(mpsc_pbuf.c.obj)
 .text.rd_idx_inc
                0x08004fbe       0x18 zephyr/libzephyr.a(mpsc_pbuf.c.obj)
 .text.add_skip_item
                0x08004fd6       0x3a zephyr/libzephyr.a(mpsc_pbuf.c.obj)
 .text.drop_item_locked
                0x08005010       0xfa zephyr/libzephyr.a(mpsc_pbuf.c.obj)
 .text.post_drop_action
                0x0800510a       0x36 zephyr/libzephyr.a(mpsc_pbuf.c.obj)
 .text.max_utilization_update
                0x08005140       0x1a zephyr/libzephyr.a(mpsc_pbuf.c.obj)
 .text.mpsc_pbuf_init
                0x0800515a       0x42 zephyr/libzephyr.a(mpsc_pbuf.c.obj)
                0x0800515a                mpsc_pbuf_init
 .text.mpsc_pbuf_alloc
                0x0800519c       0xfa zephyr/libzephyr.a(mpsc_pbuf.c.obj)
                0x0800519c                mpsc_pbuf_alloc
 .text.mpsc_pbuf_commit
                0x08005296       0x3e zephyr/libzephyr.a(mpsc_pbuf.c.obj)
                0x08005296                mpsc_pbuf_commit
 .text.mpsc_pbuf_claim
                0x080052d4       0xb6 zephyr/libzephyr.a(mpsc_pbuf.c.obj)
                0x080052d4                mpsc_pbuf_claim
 .text.mpsc_pbuf_free
                0x0800538a       0x76 zephyr/libzephyr.a(mpsc_pbuf.c.obj)
                0x0800538a                mpsc_pbuf_free
 .text.mpsc_pbuf_is_pending
                0x08005400       0x30 zephyr/libzephyr.a(mpsc_pbuf.c.obj)
                0x08005400                mpsc_pbuf_is_pending
 .text._ConfigAbsSyms
                0x08005430        0x2 zephyr/libzephyr.a(configs.c.obj)
                0x08005430                _ConfigAbsSyms
 .text.stm32_gpioport_configure_pin
                0x08005432      0x128 zephyr/libzephyr.a(gpioport_mgr.c.obj)
                0x08005432                stm32_gpioport_configure_pin
 .text.log_msg_generic_get_wlen
                0x0800555a       0x20 zephyr/libzephyr.a(log_core.c.obj)
 .text.dummy_timestamp
                0x0800557a        0x4 zephyr/libzephyr.a(log_core.c.obj)
 .text.atomic_inc
                0x0800557e       0x1a zephyr/libzephyr.a(log_core.c.obj)
 .text.default_lf_get_timestamp
                0x08005598       0x10 zephyr/libzephyr.a(log_core.c.obj)
 .text.z_log_vprintk
                0x080055a8       0x1c zephyr/libzephyr.a(log_core.c.obj)
                0x080055a8                z_log_vprintk
 .text.z_log_notify_drop
                0x080055c4        0x6 zephyr/libzephyr.a(log_core.c.obj)
 .text.z_log_get_tag
                0x080055ca        0x4 zephyr/libzephyr.a(log_core.c.obj)
                0x080055ca                z_log_get_tag
 .text.log_backend_enable
                0x080055ce       0x12 zephyr/libzephyr.a(log_mgmt.c.obj)
                0x080055ce                log_backend_enable
 .text.z_cbprintf_cpy
                0x080055e0       0x2e zephyr/libzephyr.a(log_msg.c.obj)
 .text.z_log_msg_finalize
                0x0800560e       0x32 zephyr/libzephyr.a(log_msg.c.obj)
                0x0800560e                z_log_msg_finalize
 .text.z_log_msg_simple_create
                0x08005640       0x6e zephyr/libzephyr.a(log_msg.c.obj)
 .text.z_impl_z_log_msg_simple_create_0
                0x080056ae       0x12 zephyr/libzephyr.a(log_msg.c.obj)
                0x080056ae                z_impl_z_log_msg_simple_create_0
 .text.z_impl_z_log_msg_simple_create_1
                0x080056c0       0x14 zephyr/libzephyr.a(log_msg.c.obj)
                0x080056c0                z_impl_z_log_msg_simple_create_1
 .text.log_output_write
                0x080056d4       0x1c zephyr/libzephyr.a(log_output.c.obj)
 .text.log_output_flush
                0x080056f0       0x1a zephyr/libzephyr.a(log_output.c.obj)
 .text.out_func
                0x0800570a       0x36 zephyr/libzephyr.a(log_output.c.obj)
 .text.cr_out_func
                0x08005740       0x1c zephyr/libzephyr.a(log_output.c.obj)
 .text.log_output_msg_process
                0x0800575c       0x6c zephyr/libzephyr.a(log_output.c.obj)
                0x0800575c                log_output_msg_process
 .text.format_set
                0x080057c8        0xc zephyr/libzephyr.a(log_backend_uart.c.obj)
 .text.log_backend_uart_init
                0x080057d4        0xc zephyr/libzephyr.a(log_backend_uart.c.obj)
 .text.panic    0x080057e0       0x32 zephyr/libzephyr.a(log_backend_uart.c.obj)
 .text.dropped  0x08005812        0xa zephyr/libzephyr.a(log_backend_uart.c.obj)
 .text.process  0x0800581c       0x1e zephyr/libzephyr.a(log_backend_uart.c.obj)
 .text.arch_early_memset
                0x0800583a        0x4 zephyr/arch/common/libarch__common.a(init.c.obj)
                0x0800583a                arch_early_memset
 .text.arch_early_memcpy
                0x0800583e        0x4 zephyr/arch/common/libarch__common.a(init.c.obj)
                0x0800583e                arch_early_memcpy
 .text.z_do_kernel_oops
                0x08005842        0x8 zephyr/arch/arch/arm/core/libarch__arm__core.a(fatal.c.obj)
                0x08005842                z_do_kernel_oops
 .text.z_arm_nmi
                0x0800584a        0xe zephyr/arch/arch/arm/core/libarch__arm__core.a(nmi.c.obj)
                0x0800584a                z_arm_nmi
 .text.z_log_msg_simple_create_0.constprop.0
                0x08005858        0x8 zephyr/arch/arch/arm/core/cortex_m/libarch__arm__core__cortex_m.a(fault.c.obj)
 .text.z_irq_spurious
                0x08005860        0x8 zephyr/arch/arch/arm/core/cortex_m/libarch__arm__core__cortex_m.a(irq_manage.c.obj)
                0x08005860                z_irq_spurious
 .text.arch_coprocessors_disable
                0x08005868        0x6 zephyr/arch/arch/arm/core/cortex_m/libarch__arm__core__cortex_m.a(thread.c.obj)
                0x08005868                arch_coprocessors_disable
 .text.arch_irq_unlock_outlined
                0x0800586e        0xe zephyr/arch/arch/arm/core/cortex_m/libarch__arm__core__cortex_m.a(thread.c.obj)
                0x0800586e                arch_irq_unlock_outlined
 .text.arch_cpu_idle
                0x0800587c       0x1a zephyr/arch/arch/arm/core/cortex_m/libarch__arm__core__cortex_m.a(cpu_idle.c.obj)
                0x0800587c                arch_cpu_idle
 .text.size_to_mpu_rasr_size
                0x08005896       0x20 zephyr/arch/arch/arm/core/mpu/libarch__arm__core__mpu.a(arm_mpu.c.obj)
 .text.cbputc   0x080058b6        0xc zephyr/lib/libc/picolibc/liblib__libc__picolibc.a(cbprintf.c.obj)
 .text.picolibc_put
                0x080058c2        0xa zephyr/lib/libc/picolibc/liblib__libc__picolibc.a(stdio.c.obj)
 .text.stm32_exti_gpio_intc_init
                0x080058cc       0x92 zephyr/drivers/interrupt_controller/libdrivers__interrupt_controller.a(intc_gpio_stm32.c.obj)
 .text.stm32_gpio_intc_get_pin_irq_line
                0x0800595e        0xa zephyr/drivers/interrupt_controller/libdrivers__interrupt_controller.a(intc_gpio_stm32.c.obj)
                0x0800595e                stm32_gpio_intc_get_pin_irq_line
 .text.stm32_exti_set_line_src_port
                0x08005968       0x3a zephyr/drivers/interrupt_controller/libdrivers__interrupt_controller.a(intc_gpio_stm32.c.obj)
                0x08005968                stm32_exti_set_line_src_port
 .text.stm32_clock_control_on
                0x080059a2       0x44 zephyr/drivers/clock_control/libdrivers__clock_control.a(clock_stm32_ll_common.c.obj)
 .text.stm32_clock_control_off
                0x080059e6       0x2c zephyr/drivers/clock_control/libdrivers__clock_control.a(clock_stm32_ll_common.c.obj)
 .text.enabled_clock
                0x08005a12       0x1e zephyr/drivers/clock_control/libdrivers__clock_control.a(clock_stm32_ll_common.c.obj)
                0x08005a12                enabled_clock
 .text.stm32_clock_control_configure
                0x08005a30       0x46 zephyr/drivers/clock_control/libdrivers__clock_control.a(clock_stm32_ll_common.c.obj)
 .text.stm32_clock_control_get_status
                0x08005a76       0x38 zephyr/drivers/clock_control/libdrivers__clock_control.a(clock_stm32_ll_common.c.obj)
 .text.config_regulator_voltage
                0x08005aae        0x2 zephyr/drivers/clock_control/libdrivers__clock_control.a(clock_stm32_ll_common.c.obj)
                0x08005aae                config_regulator_voltage
 .text.gpio_stm32_port_get_raw
                0x08005ab0        0xc zephyr/drivers/gpio/libdrivers__gpio.a(gpio_stm32.c.obj)
 .text.gpio_stm32_port_set_masked_raw
                0x08005abc       0x12 zephyr/drivers/gpio/libdrivers__gpio.a(gpio_stm32.c.obj)
 .text.gpio_stm32_port_set_bits_raw
                0x08005ace        0xa zephyr/drivers/gpio/libdrivers__gpio.a(gpio_stm32.c.obj)
 .text.gpio_stm32_port_clear_bits_raw
                0x08005ad8        0xa zephyr/drivers/gpio/libdrivers__gpio.a(gpio_stm32.c.obj)
 .text.gpio_stm32_port_toggle_bits
                0x08005ae2        0xe zephyr/drivers/gpio/libdrivers__gpio.a(gpio_stm32.c.obj)
 .text.gpio_stm32_manage_callback
                0x08005af0       0x54 zephyr/drivers/gpio/libdrivers__gpio.a(gpio_stm32.c.obj)
 .text.gpio_stm32_config
                0x08005b44       0x96 zephyr/drivers/gpio/libdrivers__gpio.a(gpio_stm32.c.obj)
 .text.gpio_stm32_isr
                0x08005bda       0x2c zephyr/drivers/gpio/libdrivers__gpio.a(gpio_stm32.c.obj)
 .text.i2c_stm32_irq_config_func_0
                0x08005c06       0x26 zephyr/drivers/i2c/libdrivers__i2c.a(i2c_stm32.c.obj)
 .text.i2c_stm32_transfer
                0x08005c2c       0x8e zephyr/drivers/i2c/libdrivers__i2c.a(i2c_stm32.c.obj)
 .text.i2c_stm32_get_config
                0x08005cba       0x1c zephyr/drivers/i2c/libdrivers__i2c.a(i2c_stm32.c.obj)
                0x08005cba                i2c_stm32_get_config
 .text.i2c_stm32_set_smbus_mode
                0x08005cd6       0x22 zephyr/drivers/i2c/libdrivers__i2c.a(i2c_stm32.c.obj)
                0x08005cd6                i2c_stm32_set_smbus_mode
 .text.i2c_stm32_event_isr
                0x08005cf8        0x4 zephyr/drivers/i2c/libdrivers__i2c.a(i2c_stm32_common.c.obj)
                0x08005cf8                i2c_stm32_event_isr
 .text.i2c_stm32_error_isr
                0x08005cfc        0x4 zephyr/drivers/i2c/libdrivers__i2c.a(i2c_stm32_common.c.obj)
                0x08005cfc                i2c_stm32_error_isr
 .text.i2c_stm32_disable_transfer_interrupts
                0x08005d00       0x3e zephyr/drivers/i2c/libdrivers__i2c.a(i2c_stm32_v2.c.obj)
 .text.i2c_stm32_target_cfg_get
                0x08005d3e       0x30 zephyr/drivers/i2c/libdrivers__i2c.a(i2c_stm32_v2.c.obj)
 .text.i2c_stm32_signal_xfer_done.isra.0
                0x08005d6e        0xe zephyr/drivers/i2c/libdrivers__i2c.a(i2c_stm32_v2.c.obj)
 .text.i2c_stm32_target_unregister
                0x08005d7c       0x8a zephyr/drivers/i2c/libdrivers__i2c.a(i2c_stm32_v2.c.obj)
                0x08005d7c                i2c_stm32_target_unregister
 .text.i2c_stm32_error
                0x08005e06       0x7c zephyr/drivers/i2c/libdrivers__i2c.a(i2c_stm32_v2.c.obj)
                0x08005e06                i2c_stm32_error
 .text.i2c_stm32_transaction
                0x08005e82      0x1c6 zephyr/drivers/i2c/libdrivers__i2c.a(i2c_stm32_v2.c.obj)
                0x08005e82                i2c_stm32_transaction
 .text.pinctrl_lookup_state
                0x08006048       0x26 zephyr/drivers/pinctrl/libdrivers__pinctrl.a(common.c.obj)
                0x08006048                pinctrl_lookup_state
 .text.pinctrl_configure_pins
                0x0800606e       0x38 zephyr/drivers/pinctrl/libdrivers__pinctrl.a(pinctrl_stm32.c.obj)
                0x0800606e                pinctrl_configure_pins
 .text.reset_stm32_status
                0x080060a6       0x20 zephyr/drivers/reset/libdrivers__reset.a(reset_stm32.c.obj)
 .text.reset_stm32_line_assert
                0x080060c6       0x1c zephyr/drivers/reset/libdrivers__reset.a(reset_stm32.c.obj)
 .text.reset_stm32_line_deassert
                0x080060e2       0x1e zephyr/drivers/reset/libdrivers__reset.a(reset_stm32.c.obj)
 .text.reset_stm32_line_toggle
                0x08006100       0x16 zephyr/drivers/reset/libdrivers__reset.a(reset_stm32.c.obj)
 .text.uart_stm32_ll2cfg_databits
                0x08006116       0x2a zephyr/drivers/serial/libdrivers__serial.a(uart_stm32.c.obj)
 .text.uart_stm32_err_check
                0x08006140       0x5a zephyr/drivers/serial/libdrivers__serial.a(uart_stm32.c.obj)
 .text.uart_stm32_poll_out
                0x0800619a       0x36 zephyr/drivers/serial/libdrivers__serial.a(uart_stm32.c.obj)
 .text.uart_stm32_poll_in
                0x080061d0       0x20 zephyr/drivers/serial/libdrivers__serial.a(uart_stm32.c.obj)
 .text.uart_stm32_config_get
                0x080061f0       0x92 zephyr/drivers/serial/libdrivers__serial.a(uart_stm32.c.obj)
 .text.uart_stm32_parameters_set
                0x08006282      0x144 zephyr/drivers/serial/libdrivers__serial.a(uart_stm32.c.obj)
 .text.do_device_init
                0x080063c6       0x30 zephyr/kernel/libkernel.a(device.c.obj)
                0x080063c6                do_device_init
 .text.z_impl_device_is_ready
                0x080063f6       0x16 zephyr/kernel/libkernel.a(device.c.obj)
                0x080063f6                z_impl_device_is_ready
 .text.arch_system_halt
                0x0800640c       0x10 zephyr/kernel/libkernel.a(fatal.c.obj)
                0x0800640c                arch_system_halt
 .text.idle     0x0800641c       0x16 zephyr/kernel/libkernel.a(idle.c.obj)
                0x0800641c                idle
 .text.z_impl_k_sem_init
                0x08006432       0x18 zephyr/kernel/libkernel.a(sem.c.obj)
                0x08006432                z_impl_k_sem_init
 .text.k_is_in_isr
                0x0800644a        0xc zephyr/kernel/libkernel.a(thread.c.obj)
                0x0800644a                k_is_in_isr
 .text.z_impl_k_thread_name_set
                0x08006456        0x6 zephyr/kernel/libkernel.a(thread.c.obj)
                0x08006456                z_impl_k_thread_name_set
 .text.k_thread_name_get
                0x0800645c        0x4 zephyr/kernel/libkernel.a(thread.c.obj)
                0x0800645c                k_thread_name_get
 .text.z_thread_abort
                0x08006460       0x3e zephyr/kernel/libkernel.a(thread.c.obj)
                0x08006460                z_thread_abort
 .text.z_impl_k_yield
                0x0800649e        0x4 zephyr/kernel/libkernel.a(thread.c.obj)
                0x0800649e                z_impl_k_yield
 .text.sys_dlist_remove
                0x080064a2       0x10 zephyr/kernel/libkernel.a(sched.c.obj)
 .text.unpend_thread_no_timeout
                0x080064b2       0x14 zephyr/kernel/libkernel.a(sched.c.obj)
 .text.add_to_waitq_locked
                0x080064c6       0x4c zephyr/kernel/libkernel.a(sched.c.obj)
 .text.z_ready_thread
                0x08006512       0x1e zephyr/kernel/libkernel.a(sched.c.obj)
                0x08006512                z_ready_thread
 .text.z_sched_ready_locked
                0x08006530        0x4 zephyr/kernel/libkernel.a(sched.c.obj)
                0x08006530                z_sched_ready_locked
 .text.z_sched_unready_locked
                0x08006534        0x4 zephyr/kernel/libkernel.a(sched.c.obj)
                0x08006534                z_sched_unready_locked
 .text.z_unpend_thread_no_timeout
                0x08006538       0x22 zephyr/kernel/libkernel.a(sched.c.obj)
                0x08006538                z_unpend_thread_no_timeout
 .text.z_sched_wake_thread_locked
                0x0800655a       0x28 zephyr/kernel/libkernel.a(sched.c.obj)
                0x0800655a                z_sched_wake_thread_locked
 .text.z_thread_timeout
                0x08006582       0x30 zephyr/kernel/libkernel.a(sched.c.obj)
                0x08006582                z_thread_timeout
 .text.z_unpend1_no_timeout
                0x080065b2       0x2c zephyr/kernel/libkernel.a(sched.c.obj)
                0x080065b2                z_unpend1_no_timeout
 .text.z_reschedule
                0x080065de        0x6 zephyr/kernel/libkernel.a(sched.c.obj)
                0x080065de                z_reschedule
 .text.z_impl_k_sleep
                0x080065e4       0x32 zephyr/kernel/libkernel.a(sleep.c.obj)
                0x080065e4                z_impl_k_sleep
 .text.z_impl_k_usleep
                0x08006616       0x22 zephyr/kernel/libkernel.a(sleep.c.obj)
                0x08006616                z_impl_k_usleep
 .text.next_timeout
                0x08006638       0x2e zephyr/kernel/libkernel.a(timeout.c.obj)
 .text.sys_clock_tick_get_32
                0x08006666        0x8 zephyr/kernel/libkernel.a(timeout.c.obj)
                0x08006666                sys_clock_tick_get_32
 .text.z_impl_k_uptime_ticks
                0x0800666e        0x4 zephyr/kernel/libkernel.a(timeout.c.obj)
                0x0800666e                z_impl_k_uptime_ticks
 .text.sys_timepoint_calc
                0x08006672       0x4a zephyr/kernel/libkernel.a(timeout.c.obj)
                0x08006672                sys_timepoint_calc
 .text.sys_timepoint_timeout
                0x080066bc       0x42 zephyr/kernel/libkernel.a(timeout.c.obj)
                0x080066bc                sys_timepoint_timeout
 .text.k_timer_init
                0x080066fe       0x18 zephyr/kernel/libkernel.a(timer.c.obj)
                0x080066fe                k_timer_init
 .text.memcpy   0x08006716       0x1c /home/ihn/zephyr-sdk-1.0.1/gnu/arm-zephyr-eabi/bin/../lib/gcc/arm-zephyr-eabi/14.3.0/../../../../arm-zephyr-eabi/lib/thumb/v7e-m/nofp/space/libc.a(memcpy.c.o)
                0x08006716                memcpy
                0x08006716                __aeabi_memcpy
                0x08006716                __aeabi_memcpy4
                0x08006716                __aeabi_memcpy8
 .text.memset   0x08006732       0x10 /home/ihn/zephyr-sdk-1.0.1/gnu/arm-zephyr-eabi/bin/../lib/gcc/arm-zephyr-eabi/14.3.0/../../../../arm-zephyr-eabi/lib/thumb/v7e-m/nofp/space/libc.a(memset.c.o)
                0x08006732                memset
 .text.strnlen  0x08006742       0x18 /home/ihn/zephyr-sdk-1.0.1/gnu/arm-zephyr-eabi/bin/../lib/gcc/arm-zephyr-eabi/14.3.0/../../../../arm-zephyr-eabi/lib/thumb/v7e-m/nofp/space/libc.a(libc_string_strnlen.c.o)
                0x08006742                strnlen
 .text.__ultoa_invert
                0x0800675a       0xae /home/ihn/zephyr-sdk-1.0.1/gnu/arm-zephyr-eabi/bin/../lib/gcc/arm-zephyr-eabi/14.3.0/../../../../arm-zephyr-eabi/lib/thumb/v7e-m/nofp/space/libc.a(libc_tinystdio_vflprintf.c.o)
 .text.__file_str_put
                0x08006808       0x10 /home/ihn/zephyr-sdk-1.0.1/gnu/arm-zephyr-eabi/bin/../lib/gcc/arm-zephyr-eabi/14.3.0/../../../../arm-zephyr-eabi/lib/thumb/v7e-m/nofp/space/libc.a(libc_tinystdio_filestrput.c.o)
                0x08006808                __file_str_put
 *(SORT_BY_ALIGNMENT(.gnu.linkonce.t.*))
 *(SORT_BY_ALIGNMENT(.glue_7t))
 .glue_7t       0x08006818        0x0 linker stubs
 *(SORT_BY_ALIGNMENT(.glue_7))
 .glue_7        0x08006818        0x0 linker stubs
 *(SORT_BY_ALIGNMENT(.vfp11_veneer))
 .vfp11_veneer  0x08006818        0x0 linker stubs
 *(SORT_BY_ALIGNMENT(.v4_bx))
 .v4_bx         0x08006818        0x0 linker stubs
                0x08006818                        . = ALIGN (0x4)
                0x08006818                        __text_region_end = .

.ARM.exidx      0x08006818        0x8
                0x08006818                        __exidx_start = .
 *(SORT_BY_ALIGNMENT(.ARM.exidx*) SORT_BY_ALIGNMENT(gnu.linkonce.armexidx.*))
 .ARM.exidx     0x08006818        0x8 /home/ihn/zephyr-sdk-1.0.1/gnu/arm-zephyr-eabi/bin/../lib/gcc/arm-zephyr-eabi/14.3.0/thumb/v7e-m/nofp/space/libgcc.a(_udivmoddi4.o)
                0x08006820                        __exidx_end = .
                0x08006820                        __rodata_region_start = .

initlevel       0x08006820       0xa0
                0x08006820                        __init_start = .
                0x08006820                        __init_EARLY_start = .
 *(SORT_BY_NAME(SORT_BY_ALIGNMENT(.z_init_EARLY_P_?_*)))
 *(SORT_BY_NAME(SORT_BY_ALIGNMENT(.z_init_EARLY_P_??_*)))
 *(SORT_BY_NAME(SORT_BY_ALIGNMENT(.z_init_EARLY_P_???_*)))
                0x08006820                        __init_PRE_KERNEL_1_start = .
 *(SORT_BY_NAME(SORT_BY_ALIGNMENT(.z_init_PRE_KERNEL_1_P_?_*)))
 .z_init_PRE_KERNEL_1_P_1_SUB_00009_
                0x08006820        0x8 zephyr/drivers/clock_control/libdrivers__clock_control.a(clock_stm32_ll_common.c.obj)
 .z_init_PRE_KERNEL_1_P_1_SUB_0_
                0x08006828        0x8 zephyr/libzephyr.a(soc_config.c.obj)
 *(SORT_BY_NAME(SORT_BY_ALIGNMENT(.z_init_PRE_KERNEL_1_P_??_*)))
 .z_init_PRE_KERNEL_1_P_35_SUB_00049_
                0x08006830        0x8 zephyr/drivers/reset/libdrivers__reset.a(reset_stm32.c.obj)
 .z_init_PRE_KERNEL_1_P_40_SUB_00043_
                0x08006838        0x8 zephyr/libzephyr.a(gpioport_mgr.c.obj)
 .z_init_PRE_KERNEL_1_P_40_SUB_00046_
                0x08006840        0x8 zephyr/libzephyr.a(gpioport_mgr.c.obj)
 .z_init_PRE_KERNEL_1_P_40_SUB_00074_
                0x08006848        0x8 zephyr/drivers/interrupt_controller/libdrivers__interrupt_controller.a(intc_exti_stm32.c.obj)
 .z_init_PRE_KERNEL_1_P_40_SUB_00105_
                0x08006850        0x8 zephyr/libzephyr.a(gpioport_mgr.c.obj)
 .z_init_PRE_KERNEL_1_P_40_SUB_00126_
                0x08006858        0x8 zephyr/libzephyr.a(gpioport_mgr.c.obj)
 .z_init_PRE_KERNEL_1_P_40_SUB_00127_
                0x08006860        0x8 zephyr/libzephyr.a(gpioport_mgr.c.obj)
 .z_init_PRE_KERNEL_1_P_40_SUB_00128_
                0x08006868        0x8 zephyr/libzephyr.a(gpioport_mgr.c.obj)
 .z_init_PRE_KERNEL_1_P_40_SUB_00129_
                0x08006870        0x8 zephyr/libzephyr.a(gpioport_mgr.c.obj)
 .z_init_PRE_KERNEL_1_P_40_SUB_0_
                0x08006878        0x8 zephyr/drivers/interrupt_controller/libdrivers__interrupt_controller.a(intc_gpio_stm32.c.obj)
 .z_init_PRE_KERNEL_1_P_50_SUB_00091_
                0x08006880        0x8 zephyr/drivers/serial/libdrivers__serial.a(uart_stm32.c.obj)
 .z_init_PRE_KERNEL_1_P_50_SUB_00094_
                0x08006888        0x8 zephyr/drivers/serial/libdrivers__serial.a(uart_stm32.c.obj)
 .z_init_PRE_KERNEL_1_P_60_SUB_0_
                0x08006890        0x8 zephyr/drivers/console/libdrivers__console.a(uart_console.c.obj)
 *(SORT_BY_NAME(SORT_BY_ALIGNMENT(.z_init_PRE_KERNEL_1_P_???_*)))
                0x08006898                        __init_PRE_KERNEL_2_start = .
 *(SORT_BY_NAME(SORT_BY_ALIGNMENT(.z_init_PRE_KERNEL_2_P_?_*)))
 .z_init_PRE_KERNEL_2_P_0_SUB_0_
                0x08006898        0x8 zephyr/drivers/timer/libdrivers__timer.a(cortex_m_systick.c.obj)
 *(SORT_BY_NAME(SORT_BY_ALIGNMENT(.z_init_PRE_KERNEL_2_P_??_*)))
 *(SORT_BY_NAME(SORT_BY_ALIGNMENT(.z_init_PRE_KERNEL_2_P_???_*)))
                0x080068a0                        __init_POST_KERNEL_start = .
 *(SORT_BY_NAME(SORT_BY_ALIGNMENT(.z_init_POST_KERNEL_P_?_*)))
 .z_init_POST_KERNEL_P_0_SUB_0_
                0x080068a0        0x8 zephyr/libzephyr.a(log_core.c.obj)
 *(SORT_BY_NAME(SORT_BY_ALIGNMENT(.z_init_POST_KERNEL_P_??_*)))
 .z_init_POST_KERNEL_P_35_SUB_0_
                0x080068a8        0x8 zephyr/lib/libc/common/liblib__libc__common.a(malloc.c.obj)
 .z_init_POST_KERNEL_P_50_SUB_00022_
                0x080068b0        0x8 zephyr/drivers/i2c/libdrivers__i2c.a(i2c_stm32.c.obj)
 *(SORT_BY_NAME(SORT_BY_ALIGNMENT(.z_init_POST_KERNEL_P_???_*)))
                0x080068b8                        __init_APPLICATION_start = .
 *(SORT_BY_NAME(SORT_BY_ALIGNMENT(.z_init_APPLICATION_P_?_*)))
 .z_init_APPLICATION_P_0_SUB_0_
                0x080068b8        0x8 zephyr/libzephyr.a(boot_banner.c.obj)
 *(SORT_BY_NAME(SORT_BY_ALIGNMENT(.z_init_APPLICATION_P_??_*)))
 *(SORT_BY_NAME(SORT_BY_ALIGNMENT(.z_init_APPLICATION_P_???_*)))
                0x080068c0                        __init_SMP_start = .
 *(SORT_BY_NAME(SORT_BY_ALIGNMENT(.z_init_SMP_P_?_*)))
 *(SORT_BY_NAME(SORT_BY_ALIGNMENT(.z_init_SMP_P_??_*)))
 *(SORT_BY_NAME(SORT_BY_ALIGNMENT(.z_init_SMP_P_???_*)))
                0x080068c0                        __init_end = .

device_area     0x080068c0      0x16c
                0x080068c0                        _device_list_start = .
 *(SORT_BY_NAME(SORT_BY_ALIGNMENT(._device.static.*_?_*)))
 ._device.static.1_1_
                0x080068c0       0x1c zephyr/drivers/clock_control/libdrivers__clock_control.a(clock_stm32_ll_common.c.obj)
                0x080068c0                __device_dts_ord_9
 *(SORT_BY_NAME(SORT_BY_ALIGNMENT(._device.static.*_??_*)))
 ._device.static.1_35_
                0x080068dc       0x1c zephyr/drivers/reset/libdrivers__reset.a(reset_stm32.c.obj)
                0x080068dc                __device_dts_ord_49
 ._device.static.1_40_
                0x080068f8       0xc4 zephyr/libzephyr.a(gpioport_mgr.c.obj)
                0x080068f8                __device_dts_ord_129
                0x08006914                __device_dts_ord_128
                0x08006930                __device_dts_ord_127
                0x0800694c                __device_dts_ord_126
                0x08006968                __device_dts_ord_43
                0x08006984                __device_dts_ord_105
                0x080069a0                __device_dts_ord_46
 ._device.static.1_40_
                0x080069bc       0x1c zephyr/drivers/interrupt_controller/libdrivers__interrupt_controller.a(intc_exti_stm32.c.obj)
                0x080069bc                __device_dts_ord_74
 ._device.static.1_50_
                0x080069d8       0x38 zephyr/drivers/serial/libdrivers__serial.a(uart_stm32.c.obj)
                0x080069d8                __device_dts_ord_91
                0x080069f4                __device_dts_ord_94
 ._device.static.3_50_
                0x08006a10       0x1c zephyr/drivers/i2c/libdrivers__i2c.a(i2c_stm32.c.obj)
                0x08006a10                __device_dts_ord_22
 *(SORT_BY_NAME(SORT_BY_ALIGNMENT(._device.static.*_???_*)))
 *(SORT_BY_NAME(SORT_BY_ALIGNMENT(._device.static.*_????_*)))
 *(SORT_BY_NAME(SORT_BY_ALIGNMENT(._device.static.*_?????_*)))
                0x08006a2c                        _device_list_end = .

sw_isr_table    0x08006a2c      0x2e0
                0x08006a2c                        . = ALIGN (0x4)
 *(SORT_BY_ALIGNMENT(.gnu.linkonce.sw_isr_table*))
 .gnu.linkonce.sw_isr_table
                0x08006a2c      0x2e0 zephyr/arch/common/libisr_tables.a(isr_tables.c.obj)
                0x08006a2c                _sw_isr_table

initlevel_error
 *(SORT_BY_NAME(SORT_BY_ALIGNMENT(.z_init_*)))
                0x00000001                        ASSERT ((SIZEOF (initlevel_error) == 0x0), Undefined initialization levels used.)

app_shmem_regions
                0x08006d0c        0x0
                0x08006d0c                        __app_shmem_regions_start = .
 *(SORT_BY_NAME(SORT_BY_ALIGNMENT(.app_regions.*)))
                0x08006d0c                        __app_shmem_regions_end = .

k_p4wq_initparam_area
                0x08006d0c        0x0
                0x08006d0c                        _k_p4wq_initparam_list_start = .
 *(SORT_BY_NAME(SORT_BY_ALIGNMENT(._k_p4wq_initparam.static.*)))
                0x08006d0c                        _k_p4wq_initparam_list_end = .

_static_thread_data_area
                0x08006d0c        0x0
                0x08006d0c                        __static_thread_data_list_start = .
 *(SORT_BY_NAME(SORT_BY_ALIGNMENT(.__static_thread_data.static.*)))
                0x08006d0c                        __static_thread_data_list_end = .

device_deps     0x08006d0c        0x0
                0x08006d0c                        __device_deps_start = .
 *(SORT_BY_NAME(SORT_BY_ALIGNMENT(.__device_deps_pass2*)))
                0x08006d0c                        __device_deps_end = .

device_api_area
                0x08006d0c       0x7c
                0x08006d0c                        _gpio_driver_api_list_start = .
 *(SORT_BY_NAME(SORT_BY_ALIGNMENT(._gpio_driver_api.static.*)))
 ._gpio_driver_api.static.gpio_stm32_driver_
                0x08006d0c       0x24 zephyr/drivers/gpio/libdrivers__gpio.a(gpio_stm32.c.obj)
                0x08006d0c                gpio_stm32_driver
                0x08006d30                        _gpio_driver_api_list_end = .
                0x08006d30                        _gpio_driver_api_ext_end = .
                0x08006d30                        _i2c_driver_api_list_start = .
 *(SORT_BY_NAME(SORT_BY_ALIGNMENT(._i2c_driver_api.static.*)))
 ._i2c_driver_api.static.api_funcs_
                0x08006d30       0x18 zephyr/drivers/i2c/libdrivers__i2c.a(i2c_stm32.c.obj)
                0x08006d48                        _i2c_driver_api_list_end = .
                0x08006d48                        _i3c_driver_api_list_start = .
 *(SORT_BY_NAME(SORT_BY_ALIGNMENT(._i3c_driver_api.static.*)))
                0x08006d48                        _i3c_driver_api_list_end = .
                0x08006d48                        _i3c_driver_api_ext_end = .
                0x08006d48                        _i2c_driver_api_ext_end = .
                0x08006d48                        _i2c_target_driver_api_list_start = .
 *(SORT_BY_NAME(SORT_BY_ALIGNMENT(._i2c_target_driver_api.static.*)))
                0x08006d48                        _i2c_target_driver_api_list_end = .
                0x08006d48                        _i2c_target_driver_api_ext_end = .
                0x08006d48                        _reset_driver_api_list_start = .
 *(SORT_BY_NAME(SORT_BY_ALIGNMENT(._reset_driver_api.static.*)))
 ._reset_driver_api.static.reset_stm32_driver_api_
                0x08006d48       0x10 zephyr/drivers/reset/libdrivers__reset.a(reset_stm32.c.obj)
                0x08006d58                        _reset_driver_api_list_end = .
                0x08006d58                        _reset_driver_api_ext_end = .
                0x08006d58                        _shared_irq_driver_api_list_start = .
 *(SORT_BY_NAME(SORT_BY_ALIGNMENT(._shared_irq_driver_api.static.*)))
                0x08006d58                        _shared_irq_driver_api_list_end = .
                0x08006d58                        _shared_irq_driver_api_ext_end = .
                0x08006d58                        _dmic_driver_api_list_start = .
 *(SORT_BY_NAME(SORT_BY_ALIGNMENT(._dmic_driver_api.static.*)))
                0x08006d58                        _dmic_driver_api_list_end = .
                0x08006d58                        _dmic_driver_api_ext_end = .
                0x08006d58                        _crypto_driver_api_list_start = .
 *(SORT_BY_NAME(SORT_BY_ALIGNMENT(._crypto_driver_api.static.*)))
                0x08006d58                        _crypto_driver_api_list_end = .
                0x08006d58                        _crypto_driver_api_ext_end = .
                0x08006d58                        _adc_driver_api_list_start = .
 *(SORT_BY_NAME(SORT_BY_ALIGNMENT(._adc_driver_api.static.*)))
                0x08006d58                        _adc_driver_api_list_end = .
                0x08006d58                        _adc_driver_api_ext_end = .
                0x08006d58                        _auxdisplay_driver_api_list_start = .
 *(SORT_BY_NAME(SORT_BY_ALIGNMENT(._auxdisplay_driver_api.static.*)))
                0x08006d58                        _auxdisplay_driver_api_list_end = .
                0x08006d58                        _auxdisplay_driver_api_ext_end = .
                0x08006d58                        _bbram_driver_api_list_start = .
 *(SORT_BY_NAME(SORT_BY_ALIGNMENT(._bbram_driver_api.static.*)))
                0x08006d58                        _bbram_driver_api_list_end = .
                0x08006d58                        _bbram_driver_api_ext_end = .
                0x08006d58                        _biometric_driver_api_list_start = .
 *(SORT_BY_NAME(SORT_BY_ALIGNMENT(._biometric_driver_api.static.*)))
                0x08006d58                        _biometric_driver_api_list_end = .
                0x08006d58                        _biometric_driver_api_ext_end = .
                0x08006d58                        _bt_hci_driver_api_list_start = .
 *(SORT_BY_NAME(SORT_BY_ALIGNMENT(._bt_hci_driver_api.static.*)))
                0x08006d58                        _bt_hci_driver_api_list_end = .
                0x08006d58                        _bt_hci_driver_api_ext_end = .
                0x08006d58                        _can_driver_api_list_start = .
 *(SORT_BY_NAME(SORT_BY_ALIGNMENT(._can_driver_api.static.*)))
                0x08006d58                        _can_driver_api_list_end = .
                0x08006d58                        _can_driver_api_ext_end = .
                0x08006d58                        _cellular_driver_api_list_start = .
 *(SORT_BY_NAME(SORT_BY_ALIGNMENT(._cellular_driver_api.static.*)))
                0x08006d58                        _cellular_driver_api_list_end = .
                0x08006d58                        _cellular_driver_api_ext_end = .
                0x08006d58                        _charger_driver_api_list_start = .
 *(SORT_BY_NAME(SORT_BY_ALIGNMENT(._charger_driver_api.static.*)))
                0x08006d58                        _charger_driver_api_list_end = .
                0x08006d58                        _charger_driver_api_ext_end = .
                0x08006d58                        _clock_control_driver_api_list_start = .
 *(SORT_BY_NAME(SORT_BY_ALIGNMENT(._clock_control_driver_api.static.*)))
 ._clock_control_driver_api.static.stm32_clock_control_api_
                0x08006d58       0x1c zephyr/drivers/clock_control/libdrivers__clock_control.a(clock_stm32_ll_common.c.obj)
                0x08006d74                        _clock_control_driver_api_list_end = .
                0x08006d74                        _nrf_clock_control_driver_api_list_start = .
 *(SORT_BY_NAME(SORT_BY_ALIGNMENT(._nrf_clock_control_driver_api.static.*)))
                0x08006d74                        _nrf_clock_control_driver_api_list_end = .
                0x08006d74                        _nrf_clock_control_driver_api_ext_end = .
                0x08006d74                        _clock_control_driver_api_ext_end = .
                0x08006d74                        _comparator_driver_api_list_start = .
 *(SORT_BY_NAME(SORT_BY_ALIGNMENT(._comparator_driver_api.static.*)))
                0x08006d74                        _comparator_driver_api_list_end = .
                0x08006d74                        _comparator_driver_api_ext_end = .
                0x08006d74                        _coredump_driver_api_list_start = .
 *(SORT_BY_NAME(SORT_BY_ALIGNMENT(._coredump_driver_api.static.*)))
                0x08006d74                        _coredump_driver_api_list_end = .
                0x08006d74                        _coredump_driver_api_ext_end = .
                0x08006d74                        _counter_driver_api_list_start = .
 *(SORT_BY_NAME(SORT_BY_ALIGNMENT(._counter_driver_api.static.*)))
                0x08006d74                        _counter_driver_api_list_end = .
                0x08006d74                        _counter_driver_api_ext_end = .
                0x08006d74                        _crc_driver_api_list_start = .
 *(SORT_BY_NAME(SORT_BY_ALIGNMENT(._crc_driver_api.static.*)))
                0x08006d74                        _crc_driver_api_list_end = .
                0x08006d74                        _crc_driver_api_ext_end = .
                0x08006d74                        _dac_driver_api_list_start = .
 *(SORT_BY_NAME(SORT_BY_ALIGNMENT(._dac_driver_api.static.*)))
                0x08006d74                        _dac_driver_api_list_end = .
                0x08006d74                        _dac_driver_api_ext_end = .
                0x08006d74                        _dai_driver_api_list_start = .
 *(SORT_BY_NAME(SORT_BY_ALIGNMENT(._dai_driver_api.static.*)))
                0x08006d74                        _dai_driver_api_list_end = .
                0x08006d74                        _dai_driver_api_ext_end = .
                0x08006d74                        _display_driver_api_list_start = .
 *(SORT_BY_NAME(SORT_BY_ALIGNMENT(._display_driver_api.static.*)))
                0x08006d74                        _display_driver_api_list_end = .
                0x08006d74                        _display_driver_api_ext_end = .
                0x08006d74                        _dma_driver_api_list_start = .
 *(SORT_BY_NAME(SORT_BY_ALIGNMENT(._dma_driver_api.static.*)))
                0x08006d74                        _dma_driver_api_list_end = .
                0x08006d74                        _dma_driver_api_ext_end = .
                0x08006d74                        _edac_driver_api_list_start = .
 *(SORT_BY_NAME(SORT_BY_ALIGNMENT(._edac_driver_api.static.*)))
                0x08006d74                        _edac_driver_api_list_end = .
                0x08006d74                        _edac_driver_api_ext_end = .
                0x08006d74                        _eeprom_driver_api_list_start = .
 *(SORT_BY_NAME(SORT_BY_ALIGNMENT(._eeprom_driver_api.static.*)))
                0x08006d74                        _eeprom_driver_api_list_end = .
                0x08006d74                        _eeprom_driver_api_ext_end = .
                0x08006d74                        _emul_bbram_driver_api_list_start = .
 *(SORT_BY_NAME(SORT_BY_ALIGNMENT(._emul_bbram_driver_api.static.*)))
                0x08006d74                        _emul_bbram_driver_api_list_end = .
                0x08006d74                        _emul_bbram_driver_api_ext_end = .
                0x08006d74                        _fuel_gauge_emul_driver_api_list_start = .
 *(SORT_BY_NAME(SORT_BY_ALIGNMENT(._fuel_gauge_emul_driver_api.static.*)))
                0x08006d74                        _fuel_gauge_emul_driver_api_list_end = .
                0x08006d74                        _fuel_gauge_emul_driver_api_ext_end = .
                0x08006d74                        _emul_sensor_driver_api_list_start = .
 *(SORT_BY_NAME(SORT_BY_ALIGNMENT(._emul_sensor_driver_api.static.*)))
                0x08006d74                        _emul_sensor_driver_api_list_end = .
                0x08006d74                        _emul_sensor_driver_api_ext_end = .
                0x08006d74                        _entropy_driver_api_list_start = .
 *(SORT_BY_NAME(SORT_BY_ALIGNMENT(._entropy_driver_api.static.*)))
                0x08006d74                        _entropy_driver_api_list_end = .
                0x08006d74                        _entropy_driver_api_ext_end = .
                0x08006d74                        _espi_driver_api_list_start = .
 *(SORT_BY_NAME(SORT_BY_ALIGNMENT(._espi_driver_api.static.*)))
                0x08006d74                        _espi_driver_api_list_end = .
                0x08006d74                        _espi_driver_api_ext_end = .
                0x08006d74                        _espi_saf_driver_api_list_start = .
 *(SORT_BY_NAME(SORT_BY_ALIGNMENT(._espi_saf_driver_api.static.*)))
                0x08006d74                        _espi_saf_driver_api_list_end = .
                0x08006d74                        _espi_saf_driver_api_ext_end = .
                0x08006d74                        _flash_driver_api_list_start = .
 *(SORT_BY_NAME(SORT_BY_ALIGNMENT(._flash_driver_api.static.*)))
                0x08006d74                        _flash_driver_api_list_end = .
                0x08006d74                        _flash_driver_api_ext_end = .
                0x08006d74                        _fpga_driver_api_list_start = .
 *(SORT_BY_NAME(SORT_BY_ALIGNMENT(._fpga_driver_api.static.*)))
                0x08006d74                        _fpga_driver_api_list_end = .
                0x08006d74                        _fpga_driver_api_ext_end = .
                0x08006d74                        _fuel_gauge_driver_api_list_start = .
 *(SORT_BY_NAME(SORT_BY_ALIGNMENT(._fuel_gauge_driver_api.static.*)))
                0x08006d74                        _fuel_gauge_driver_api_list_end = .
                0x08006d74                        _fuel_gauge_driver_api_ext_end = .
                0x08006d74                        _gnss_driver_api_list_start = .
 *(SORT_BY_NAME(SORT_BY_ALIGNMENT(._gnss_driver_api.static.*)))
                0x08006d74                        _gnss_driver_api_list_end = .
                0x08006d74                        _gnss_driver_api_ext_end = .
                0x08006d74                        _haptics_driver_api_list_start = .
 *(SORT_BY_NAME(SORT_BY_ALIGNMENT(._haptics_driver_api.static.*)))
                0x08006d74                        _haptics_driver_api_list_end = .
                0x08006d74                        _haptics_driver_api_ext_end = .
                0x08006d74                        _hwspinlock_driver_api_list_start = .
 *(SORT_BY_NAME(SORT_BY_ALIGNMENT(._hwspinlock_driver_api.static.*)))
                0x08006d74                        _hwspinlock_driver_api_list_end = .
                0x08006d74                        _hwspinlock_driver_api_ext_end = .
                0x08006d74                        _i2s_driver_api_list_start = .
 *(SORT_BY_NAME(SORT_BY_ALIGNMENT(._i2s_driver_api.static.*)))
                0x08006d74                        _i2s_driver_api_list_end = .
                0x08006d74                        _i2s_driver_api_ext_end = .
                0x08006d74                        _ipm_driver_api_list_start = .
 *(SORT_BY_NAME(SORT_BY_ALIGNMENT(._ipm_driver_api.static.*)))
                0x08006d74                        _ipm_driver_api_list_end = .
                0x08006d74                        _ipm_driver_api_ext_end = .
                0x08006d74                        _led_driver_api_list_start = .
 *(SORT_BY_NAME(SORT_BY_ALIGNMENT(._led_driver_api.static.*)))
                0x08006d74                        _led_driver_api_list_end = .
                0x08006d74                        _led_driver_api_ext_end = .
                0x08006d74                        _led_strip_driver_api_list_start = .
 *(SORT_BY_NAME(SORT_BY_ALIGNMENT(._led_strip_driver_api.static.*)))
                0x08006d74                        _led_strip_driver_api_list_end = .
                0x08006d74                        _led_strip_driver_api_ext_end = .
                0x08006d74                        _lora_driver_api_list_start = .
 *(SORT_BY_NAME(SORT_BY_ALIGNMENT(._lora_driver_api.static.*)))
                0x08006d74                        _lora_driver_api_list_end = .
                0x08006d74                        _lora_driver_api_ext_end = .
                0x08006d74                        _mbox_driver_api_list_start = .
 *(SORT_BY_NAME(SORT_BY_ALIGNMENT(._mbox_driver_api.static.*)))
                0x08006d74                        _mbox_driver_api_list_end = .
                0x08006d74                        _mbox_driver_api_ext_end = .
                0x08006d74                        _mdio_driver_api_list_start = .
 *(SORT_BY_NAME(SORT_BY_ALIGNMENT(._mdio_driver_api.static.*)))
                0x08006d74                        _mdio_driver_api_list_end = .
                0x08006d74                        _mdio_driver_api_ext_end = .
                0x08006d74                        _mipi_dbi_driver_api_list_start = .
 *(SORT_BY_NAME(SORT_BY_ALIGNMENT(._mipi_dbi_driver_api.static.*)))
                0x08006d74                        _mipi_dbi_driver_api_list_end = .
                0x08006d74                        _mipi_dbi_driver_api_ext_end = .
                0x08006d74                        _mipi_dsi_driver_api_list_start = .
 *(SORT_BY_NAME(SORT_BY_ALIGNMENT(._mipi_dsi_driver_api.static.*)))
                0x08006d74                        _mipi_dsi_driver_api_list_end = .
                0x08006d74                        _mipi_dsi_driver_api_ext_end = .
                0x08006d74                        _mspi_driver_api_list_start = .
 *(SORT_BY_NAME(SORT_BY_ALIGNMENT(._mspi_driver_api.static.*)))
                0x08006d74                        _mspi_driver_api_list_end = .
                0x08006d74                        _mspi_driver_api_ext_end = .
                0x08006d74                        _opamp_driver_api_list_start = .
 *(SORT_BY_NAME(SORT_BY_ALIGNMENT(._opamp_driver_api.static.*)))
                0x08006d74                        _opamp_driver_api_list_end = .
                0x08006d74                        _opamp_driver_api_ext_end = .
                0x08006d74                        _otp_driver_api_list_start = .
 *(SORT_BY_NAME(SORT_BY_ALIGNMENT(._otp_driver_api.static.*)))
                0x08006d74                        _otp_driver_api_list_end = .
                0x08006d74                        _otp_driver_api_ext_end = .
                0x08006d74                        _peci_driver_api_list_start = .
 *(SORT_BY_NAME(SORT_BY_ALIGNMENT(._peci_driver_api.static.*)))
                0x08006d74                        _peci_driver_api_list_end = .
                0x08006d74                        _peci_driver_api_ext_end = .
                0x08006d74                        _ps2_driver_api_list_start = .
 *(SORT_BY_NAME(SORT_BY_ALIGNMENT(._ps2_driver_api.static.*)))
                0x08006d74                        _ps2_driver_api_list_end = .
                0x08006d74                        _ps2_driver_api_ext_end = .
                0x08006d74                        _ptp_clock_driver_api_list_start = .
 *(SORT_BY_NAME(SORT_BY_ALIGNMENT(._ptp_clock_driver_api.static.*)))
                0x08006d74                        _ptp_clock_driver_api_list_end = .
                0x08006d74                        _ptp_clock_driver_api_ext_end = .
                0x08006d74                        _pwm_driver_api_list_start = .
 *(SORT_BY_NAME(SORT_BY_ALIGNMENT(._pwm_driver_api.static.*)))
                0x08006d74                        _pwm_driver_api_list_end = .
                0x08006d74                        _pwm_driver_api_ext_end = .
                0x08006d74                        _regulator_parent_driver_api_list_start = .
 *(SORT_BY_NAME(SORT_BY_ALIGNMENT(._regulator_parent_driver_api.static.*)))
                0x08006d74                        _regulator_parent_driver_api_list_end = .
                0x08006d74                        _regulator_parent_driver_api_ext_end = .
                0x08006d74                        _regulator_driver_api_list_start = .
 *(SORT_BY_NAME(SORT_BY_ALIGNMENT(._regulator_driver_api.static.*)))
                0x08006d74                        _regulator_driver_api_list_end = .
                0x08006d74                        _regulator_driver_api_ext_end = .
                0x08006d74                        _retained_mem_driver_api_list_start = .
 *(SORT_BY_NAME(SORT_BY_ALIGNMENT(._retained_mem_driver_api.static.*)))
                0x08006d74                        _retained_mem_driver_api_list_end = .
                0x08006d74                        _retained_mem_driver_api_ext_end = .
                0x08006d74                        _rtc_driver_api_list_start = .
 *(SORT_BY_NAME(SORT_BY_ALIGNMENT(._rtc_driver_api.static.*)))
                0x08006d74                        _rtc_driver_api_list_end = .
                0x08006d74                        _rtc_driver_api_ext_end = .
                0x08006d74                        _sdhc_driver_api_list_start = .
 *(SORT_BY_NAME(SORT_BY_ALIGNMENT(._sdhc_driver_api.static.*)))
                0x08006d74                        _sdhc_driver_api_list_end = .
                0x08006d74                        _sdhc_driver_api_ext_end = .
                0x08006d74                        _sensor_driver_api_list_start = .
 *(SORT_BY_NAME(SORT_BY_ALIGNMENT(._sensor_driver_api.static.*)))
                0x08006d74                        _sensor_driver_api_list_end = .
                0x08006d74                        _sensor_driver_api_ext_end = .
                0x08006d74                        _smbus_driver_api_list_start = .
 *(SORT_BY_NAME(SORT_BY_ALIGNMENT(._smbus_driver_api.static.*)))
                0x08006d74                        _smbus_driver_api_list_end = .
                0x08006d74                        _smbus_driver_api_ext_end = .
                0x08006d74                        _spi_driver_api_list_start = .
 *(SORT_BY_NAME(SORT_BY_ALIGNMENT(._spi_driver_api.static.*)))
                0x08006d74                        _spi_driver_api_list_end = .
                0x08006d74                        _spi_driver_api_ext_end = .
                0x08006d74                        _syscon_driver_api_list_start = .
 *(SORT_BY_NAME(SORT_BY_ALIGNMENT(._syscon_driver_api.static.*)))
                0x08006d74                        _syscon_driver_api_list_end = .
                0x08006d74                        _syscon_driver_api_ext_end = .
                0x08006d74                        _tee_driver_api_list_start = .
 *(SORT_BY_NAME(SORT_BY_ALIGNMENT(._tee_driver_api.static.*)))
                0x08006d74                        _tee_driver_api_list_end = .
                0x08006d74                        _tee_driver_api_ext_end = .
                0x08006d74                        _tgpio_driver_api_list_start = .
 *(SORT_BY_NAME(SORT_BY_ALIGNMENT(._tgpio_driver_api.static.*)))
                0x08006d74                        _tgpio_driver_api_list_end = .
                0x08006d74                        _tgpio_driver_api_ext_end = .
                0x08006d74                        _uaol_driver_api_list_start = .
 *(SORT_BY_NAME(SORT_BY_ALIGNMENT(._uaol_driver_api.static.*)))
                0x08006d74                        _uaol_driver_api_list_end = .
                0x08006d74                        _uaol_driver_api_ext_end = .
                0x08006d74                        _video_driver_api_list_start = .
 *(SORT_BY_NAME(SORT_BY_ALIGNMENT(._video_driver_api.static.*)))
                0x08006d74                        _video_driver_api_list_end = .
                0x08006d74                        _video_driver_api_ext_end = .
                0x08006d74                        _virtio_driver_api_list_start = .
 *(SORT_BY_NAME(SORT_BY_ALIGNMENT(._virtio_driver_api.static.*)))
                0x08006d74                        _virtio_driver_api_list_end = .
                0x08006d74                        _virtio_driver_api_ext_end = .
                0x08006d74                        _w1_driver_api_list_start = .
 *(SORT_BY_NAME(SORT_BY_ALIGNMENT(._w1_driver_api.static.*)))
                0x08006d74                        _w1_driver_api_list_end = .
                0x08006d74                        _w1_driver_api_ext_end = .
                0x08006d74                        _wdt_driver_api_list_start = .
 *(SORT_BY_NAME(SORT_BY_ALIGNMENT(._wdt_driver_api.static.*)))
                0x08006d74                        _wdt_driver_api_list_end = .
                0x08006d74                        _wdt_driver_api_ext_end = .
                0x08006d74                        _wuc_driver_api_list_start = .
 *(SORT_BY_NAME(SORT_BY_ALIGNMENT(._wuc_driver_api.static.*)))
                0x08006d74                        _wuc_driver_api_list_end = .
                0x08006d74                        _wuc_driver_api_ext_end = .
                0x08006d74                        _can_transceiver_driver_api_list_start = .
 *(SORT_BY_NAME(SORT_BY_ALIGNMENT(._can_transceiver_driver_api.static.*)))
                0x08006d74                        _can_transceiver_driver_api_list_end = .
                0x08006d74                        _can_transceiver_driver_api_ext_end = .
                0x08006d74                        _i3c_target_driver_api_list_start = .
 *(SORT_BY_NAME(SORT_BY_ALIGNMENT(._i3c_target_driver_api.static.*)))
                0x08006d74                        _i3c_target_driver_api_list_end = .
                0x08006d74                        _i3c_target_driver_api_ext_end = .
                0x08006d74                        _its_driver_api_list_start = .
 *(SORT_BY_NAME(SORT_BY_ALIGNMENT(._its_driver_api.static.*)))
                0x08006d74                        _its_driver_api_list_end = .
                0x08006d74                        _its_driver_api_ext_end = .
                0x08006d74                        _vtd_driver_api_list_start = .
 *(SORT_BY_NAME(SORT_BY_ALIGNMENT(._vtd_driver_api.static.*)))
                0x08006d74                        _vtd_driver_api_list_end = .
                0x08006d74                        _vtd_driver_api_ext_end = .
                0x08006d74                        _renesas_elc_driver_api_list_start = .
 *(SORT_BY_NAME(SORT_BY_ALIGNMENT(._renesas_elc_driver_api.static.*)))
                0x08006d74                        _renesas_elc_driver_api_list_end = .
                0x08006d74                        _renesas_elc_driver_api_ext_end = .
                0x08006d74                        _pcie_ctrl_driver_api_list_start = .
 *(SORT_BY_NAME(SORT_BY_ALIGNMENT(._pcie_ctrl_driver_api.static.*)))
                0x08006d74                        _pcie_ctrl_driver_api_list_end = .
                0x08006d74                        _pcie_ctrl_driver_api_ext_end = .
                0x08006d74                        _pcie_ep_driver_api_list_start = .
 *(SORT_BY_NAME(SORT_BY_ALIGNMENT(._pcie_ep_driver_api.static.*)))
                0x08006d74                        _pcie_ep_driver_api_list_end = .
                0x08006d74                        _pcie_ep_driver_api_ext_end = .
                0x08006d74                        _psi5_driver_api_list_start = .
 *(SORT_BY_NAME(SORT_BY_ALIGNMENT(._psi5_driver_api.static.*)))
                0x08006d74                        _psi5_driver_api_list_end = .
                0x08006d74                        _psi5_driver_api_ext_end = .
                0x08006d74                        _sent_driver_api_list_start = .
 *(SORT_BY_NAME(SORT_BY_ALIGNMENT(._sent_driver_api.static.*)))
                0x08006d74                        _sent_driver_api_list_end = .
                0x08006d74                        _sent_driver_api_ext_end = .
                0x08006d74                        _svc_driver_api_list_start = .
 *(SORT_BY_NAME(SORT_BY_ALIGNMENT(._svc_driver_api.static.*)))
                0x08006d74                        _svc_driver_api_list_end = .
                0x08006d74                        _svc_driver_api_ext_end = .
                0x08006d74                        _stepper_driver_api_list_start = .
 *(SORT_BY_NAME(SORT_BY_ALIGNMENT(._stepper_driver_api.static.*)))
                0x08006d74                        _stepper_driver_api_list_end = .
                0x08006d74                        _stepper_driver_api_ext_end = .
                0x08006d74                        _stepper_ctrl_driver_api_list_start = .
 *(SORT_BY_NAME(SORT_BY_ALIGNMENT(._stepper_ctrl_driver_api.static.*)))
                0x08006d74                        _stepper_ctrl_driver_api_list_end = .
                0x08006d74                        _stepper_ctrl_driver_api_ext_end = .
                0x08006d74                        _uart_driver_api_list_start = .
 *(SORT_BY_NAME(SORT_BY_ALIGNMENT(._uart_driver_api.static.*)))
 ._uart_driver_api.static.uart_stm32_driver_api_
                0x08006d74       0x14 zephyr/drivers/serial/libdrivers__serial.a(uart_stm32.c.obj)
                0x08006d88                        _uart_driver_api_list_end = .
                0x08006d88                        _uart_driver_api_ext_end = .
                0x08006d88                        _bc12_emul_driver_api_list_start = .
 *(SORT_BY_NAME(SORT_BY_ALIGNMENT(._bc12_emul_driver_api.static.*)))
                0x08006d88                        _bc12_emul_driver_api_list_end = .
                0x08006d88                        _bc12_emul_driver_api_ext_end = .
                0x08006d88                        _bc12_driver_api_list_start = .
 *(SORT_BY_NAME(SORT_BY_ALIGNMENT(._bc12_driver_api.static.*)))
                0x08006d88                        _bc12_driver_api_list_end = .
                0x08006d88                        _bc12_driver_api_ext_end = .
                0x08006d88                        _usbc_ppc_driver_api_list_start = .
 *(SORT_BY_NAME(SORT_BY_ALIGNMENT(._usbc_ppc_driver_api.static.*)))
                0x08006d88                        _usbc_ppc_driver_api_list_end = .
                0x08006d88                        _usbc_ppc_driver_api_ext_end = .
                0x08006d88                        _tcpc_driver_api_list_start = .
 *(SORT_BY_NAME(SORT_BY_ALIGNMENT(._tcpc_driver_api.static.*)))
                0x08006d88                        _tcpc_driver_api_list_end = .
                0x08006d88                        _tcpc_driver_api_ext_end = .
                0x08006d88                        _usbc_vbus_driver_api_list_start = .
 *(SORT_BY_NAME(SORT_BY_ALIGNMENT(._usbc_vbus_driver_api.static.*)))
                0x08006d88                        _usbc_vbus_driver_api_list_end = .
                0x08006d88                        _usbc_vbus_driver_api_ext_end = .
                0x08006d88                        _ivshmem_driver_api_list_start = .
 *(SORT_BY_NAME(SORT_BY_ALIGNMENT(._ivshmem_driver_api.static.*)))
                0x08006d88                        _ivshmem_driver_api_list_end = .
                0x08006d88                        _ivshmem_driver_api_ext_end = .
                0x08006d88                        _ethphy_driver_api_list_start = .
 *(SORT_BY_NAME(SORT_BY_ALIGNMENT(._ethphy_driver_api.static.*)))
                0x08006d88                        _ethphy_driver_api_list_end = .
                0x08006d88                        _ethphy_driver_api_ext_end = .

ztest           0x08006d88        0x0
                0x08006d88                        _ztest_expected_result_entry_list_start = .
 *(SORT_BY_NAME(SORT_BY_ALIGNMENT(._ztest_expected_result_entry.static.*)))
                0x08006d88                        _ztest_expected_result_entry_list_end = .
                0x08006d88                        _ztest_suite_node_list_start = .
 *(SORT_BY_NAME(SORT_BY_ALIGNMENT(._ztest_suite_node.static.*)))
                0x08006d88                        _ztest_suite_node_list_end = .
                0x08006d88                        _ztest_unit_test_list_start = .
 *(SORT_BY_NAME(SORT_BY_ALIGNMENT(._ztest_unit_test.static.*)))
                0x08006d88                        _ztest_unit_test_list_end = .
                0x08006d88                        _ztest_test_rule_list_start = .
 *(SORT_BY_NAME(SORT_BY_ALIGNMENT(._ztest_test_rule.static.*)))
                0x08006d88                        _ztest_test_rule_list_end = .

init_array      0x08006d88        0x0
                0x08006d88                        __zephyr_init_array_start = .
 *(SORT_BY_INIT_PRIORITY(.init_array.*) SORT_BY_INIT_PRIORITY(.ctors.*))
 *(SORT_BY_ALIGNMENT(.init_array) SORT_BY_ALIGNMENT(.ctors))
                0x08006d88                        __zephyr_init_array_end = .
                0x00000001                        ASSERT ((__zephyr_init_array_start == __zephyr_init_array_end), GNU-style constructors required but STATIC_INIT_GNU not enabled)

bt_l2cap_fixed_chan_area
                0x08006d88        0x0
                0x08006d88                        _bt_l2cap_fixed_chan_list_start = .
 *(SORT_BY_NAME(SORT_BY_ALIGNMENT(._bt_l2cap_fixed_chan.static.*)))
                0x08006d88                        _bt_l2cap_fixed_chan_list_end = .

bt_gatt_service_static_area
                0x08006d88        0x0